Archive member included to satisfy reference by file (symbol)

/opt/st/stm32cubeide_1.18.1/plugins/com.st.stm32cube.ide.mcu.externaltools.gnu-tools-for-stm32.13.3.rel1.linux64_1.0.0.202410170706/tools/bin/../lib/gcc/arm-none-eabi/13.3.1/../../../../arm-none-eabi/lib/thumb/v8-m.main+fp/hard/libc_nano.a(libc_a-exit.o)
                              /opt/st/stm32cubeide_1.18.1/plugins/com.st.stm32cube.ide.mcu.externaltools.gnu-tools-for-stm32.13.3.rel1.linux64_1.0.0.202410170706/tools/bin/../lib/gcc/arm-none-eabi/13.3.1/../../../../arm-none-eabi/lib/thumb/v8-m.main+fp/hard/crt0.o (exit)
/opt/st/stm32cubeide_1.18.1/plugins/com.st.stm32cube.ide.mcu.externaltools.gnu-tools-for-stm32.13.3.rel1.linux64_1.0.0.202410170706/tools/bin/../lib/gcc/arm-none-eabi/13.3.1/../../../../arm-none-eabi/lib/thumb/v8-m.main+fp/hard/libc_nano.a(libc_a-findfp.o)
                              /opt/st/stm32cubeide_1.18.1/plugins/com.st.stm32cube.ide.mcu.externaltools.gnu-tools-for-stm32.13.3.rel1.linux64_1.0.0.202410170706/tools/bin/../lib/gcc/arm-none-eabi/13.3.1/../../../../arm-none-eabi/lib/thumb/v8-m.main+fp/hard/libc_nano.a(libc_a-exit.o) (__stdio_exit_handler)
/opt/st/stm32cubeide_1.18.1/plugins/com.st.stm32cube.ide.mcu.externaltools.gnu-tools-for-stm32.13.3.rel1.linux64_1.0.0.202410170706/tools/bin/../lib/gcc/arm-none-eabi/13.3.1/../../../../arm-none-eabi/lib/thumb/v8-m.main+fp/hard/libc_nano.a(libc_a-fwalk.o)
                              /opt/st/stm32cubeide_1.18.1/plugins/com.st.stm32cube.ide.mcu.externaltools.gnu-tools-for-stm32.13.3.rel1.linux64_1.0.0.202410170706/tools/bin/../lib/gcc/arm-none-eabi/13.3.1/../../../../arm-none-eabi/lib/thumb/v8-m.main+fp/hard/libc_nano.a(libc_a-findfp.o) (_fwalk_sglue)
/opt/st/stm32cubeide_1.18.1/plugins/com.st.stm32cube.ide.mcu.externaltools.gnu-tools-for-stm32.13.3.rel1.linux64_1.0.0.202410170706/tools/bin/../lib/gcc/arm-none-eabi/13.3.1/../../../../arm-none-eabi/lib/thumb/v8-m.main+fp/hard/libc_nano.a(libc_a-snprintf.o)
                              ./Core/Src/app_freertos.o (snprintf)
/opt/st/stm32cubeide_1.18.1/plugins/com.st.stm32cube.ide.mcu.externaltools.gnu-tools-for-stm32.13.3.rel1.linux64_1.0.0.202410170706/tools/bin/../lib/gcc/arm-none-eabi/13.3.1/../../../../arm-none-eabi/lib/thumb/v8-m.main+fp/hard/libc_nano.a(libc_a-stdio.o)
                              /opt/st/stm32cubeide_1.18.1/plugins/com.st.stm32cube.ide.mcu.externaltools.gnu-tools-for-stm32.13.3.rel1.linux64_1.0.0.202410170706/tools/bin/../lib/gcc/arm-none-eabi/13.3.1/../../../../arm-none-eabi/lib/thumb/v8-m.main+fp/hard/libc_nano.a(libc_a-findfp.o) (__sread)
/opt/st/stm32cubeide_1.18.1/plugins/com.st.stm32cube.ide.mcu.externaltools.gnu-tools-for-stm32.13.3.rel1.linux64_1.0.0.202410170706/tools/bin/../lib/gcc/arm-none-eabi/13.3.1/../../../../arm-none-eabi/lib/thumb/v8-m.main+fp/hard/libc_nano.a(libc_a-memmove.o)
                              ./Drivers/STM32H5xx_HAL_Driver/Src/stm32h5xx_hal_dma_ex.o (memmove)
/opt/st/stm32cubeide_1.18.1/plugins/com.st.stm32cube.ide.mcu.externaltools.gnu-tools-for-stm32.13.3.rel1.linux64_1.0.0.202410170706/tools/bin/../lib/gcc/arm-none-eabi/13.3.1/../../../../arm-none-eabi/lib/thumb/v8-m.main+fp/hard/libc_nano.a(libc_a-memset.o)
                              /opt/st/stm32cubeide_1.18.1/plugins/com.st.stm32cube.ide.mcu.externaltools.gnu-tools-for-stm32.13.3.rel1.linux64_1.0.0.202410170706/tools/bin/../lib/gcc/arm-none-eabi/13.3.1/../../../../arm-none-eabi/lib/thumb/v8-m.main+fp/hard/crt0.o (memset)
/opt/st/stm32cubeide_1.18.1/plugins/com.st.stm32cube.ide.mcu.externaltools.gnu-tools-for-stm32.13.3.rel1.linux64_1.0.0.202410170706/tools/bin/../lib/gcc/arm-none-eabi/13.3.1/../../../../arm-none-eabi/lib/thumb/v8-m.main+fp/hard/libc_nano.a(libc_a-closer.o)
                              /opt/st/stm32cubeide_1.18.1/plugins/com.st.stm32cube.ide.mcu.externaltools.gnu-tools-for-stm32.13.3.rel1.linux64_1.0.0.202410170706/tools/bin/../lib/gcc/arm-none-eabi/13.3.1/../../../../arm-none-eabi/lib/thumb/v8-m.main+fp/hard/libc_nano.a(libc_a-stdio.o) (_close_r)
/opt/st/stm32cubeide_1.18.1/plugins/com.st.stm32cube.ide.mcu.externaltools.gnu-tools-for-stm32.13.3.rel1.linux64_1.0.0.202410170706/tools/bin/../lib/gcc/arm-none-eabi/13.3.1/../../../../arm-none-eabi/lib/thumb/v8-m.main+fp/hard/libc_nano.a(libc_a-reent.o)
                              /opt/st/stm32cubeide_1.18.1/plugins/com.st.stm32cube.ide.mcu.externaltools.gnu-tools-for-stm32.13.3.rel1.linux64_1.0.0.202410170706/tools/bin/../lib/gcc/arm-none-eabi/13.3.1/../../../../arm-none-eabi/lib/thumb/v8-m.main+fp/hard/libc_nano.a(libc_a-closer.o) (errno)
/opt/st/stm32cubeide_1.18.1/plugins/com.st.stm32cube.ide.mcu.externaltools.gnu-tools-for-stm32.13.3.rel1.linux64_1.0.0.202410170706/tools/bin/../lib/gcc/arm-none-eabi/13.3.1/../../../../arm-none-eabi/lib/thumb/v8-m.main+fp/hard/libc_nano.a(libc_a-impure.o)
[...]
Memory Configuration

Name             Origin             Length             Attributes
RAM              0x20000000         0x000a0000         xrw
FLASH            0x08000000         0x00200000         xr
*default*        0x00000000         0xffffffff

Linker script and memory map

LOAD /opt/st/stm32cubeide_1.18.1/plugins/com.st.stm32cube.ide.mcu.externaltools.gnu-tools-for-stm32.13.3.rel1.linux64_1.0.0.202410170706/tools/bin/../lib/gcc/arm-none-eabi/13.3.1/thumb/v8-m.main+fp/hard/crti.o
LOAD /opt/st/stm32cubeide_1.18.1/plugins/com.st.stm32cube.ide.mcu.externaltools.gnu-tools-for-stm32.13.3.rel1.linux64_1.0.0.202410170706/tools/bin/../lib/gcc/arm-none-eabi/13.3.1/thumb/v8-m.main+fp/hard/crtbegin.o
LOAD /opt/st/stm32cubeide_1.18.1/plugins/com.st.stm32cube.ide.mcu.externaltools.gnu-tools-for-stm32.13.3.rel1.linux64_1.0.0.202410170706/tools/bin/../lib/gcc/arm-none-eabi/13.3.1/../../../../arm-none-eabi/lib/thumb/v8-m.main+fp/hard/crt0.o
LOAD ./Core/Src/adc.o
LOAD ./Core/Src/app_freertos.o
LOAD ./Core/Src/drv8320s.o
LOAD ./Core/Src/foc.o
LOAD ./Core/Src/gpdma.o
LOAD ./Core/Src/gpio.o
LOAD ./Core/Src/icache.o
LOAD ./Core/Src/main.o
LOAD ./Core/Src/mt6835.o
LOAD ./Core/Src/spi.o
LOAD ./Core/Src/stm32h5xx_hal_msp.o
LOAD ./Core/Src/stm32h5xx_hal_timebase_tim.o
LOAD ./Core/Src/stm32h5xx_it.o
LOAD ./Core/Src/syscalls.o
LOAD ./Core/Src/sysmem.o
LOAD ./Core/Src/system_stm32h5xx.o
LOAD ./Core/Src/tim.o
LOAD ./Core/Src/usart.o
LOAD ./Core/Startup/startup_stm32h563ritx.o
LOAD ./Drivers/STM32H5xx_HAL_Driver/Src/stm32h5xx_hal.o
LOAD ./Drivers/STM32H5xx_HAL_Driver/Src/stm32h5xx_hal_adc.o
LOAD ./Drivers/STM32H5xx_HAL_Driver/Src/stm32h5xx_hal_adc_ex.o
LOAD ./Drivers/STM32H5xx_HAL_Driver/Src/stm32h5xx_hal_cortex.o
LOAD ./Drivers/STM32H5xx_HAL_Driver/Src/stm32h5xx_hal_dma.o
LOAD ./Drivers/STM32H5xx_HAL_Driver/Src/stm32h5xx_hal_dma_ex.o
LOAD ./Drivers/STM32H5xx_HAL_Driver/Src/stm32h5xx_hal_exti.o
LOAD ./Drivers/STM32H5xx_HAL_Driver/Src/stm32h5xx_hal_flash.o
LOAD ./Drivers/STM32H5xx_HAL_Driver/Src/stm32h5xx_hal_flash_ex.o
LOAD ./Drivers/STM32H5xx_HAL_Driver/Src/stm32h5xx_hal_gpio.o
LOAD ./Drivers/STM32H5xx_HAL_Driver/Src/stm32h5xx_hal_icache.o
LOAD ./Drivers/STM32H5xx_HAL_Driver/Src/stm32h5xx_hal_pwr.o
LOAD ./Drivers/STM32H5xx_HAL_Driver/Src/stm32h5xx_hal_pwr_ex.o
LOAD ./Drivers/STM32H5xx_HAL_Driver/Src/stm32h5xx_hal_rcc.o
LOAD ./Drivers/STM32H5xx_HAL_Driver/Src/stm32h5xx_hal_rcc_ex.o
LOAD ./Drivers/STM32H5xx_HAL_Driver/Src/stm32h5xx_hal_spi.o
LOAD ./Drivers/STM32H5xx_HAL_Driver/Src/stm32h5xx_hal_spi_ex.o
LOAD ./Drivers/STM32H5xx_HAL_Driver/Src/stm32h5xx_hal_tim.o
LOAD ./Drivers/STM32H5xx_HAL_Driver/Src/stm32h5xx_hal_tim_ex.o
LOAD ./Drivers/STM32H5xx_HAL_Driver/Src/stm32h5xx_hal_uart.o
LOAD ./Drivers/STM32H5xx_HAL_Driver/Src/stm32h5xx_hal_uart_ex.o
LOAD ./Middlewares/Third_Party/FreeRTOS/Source/CMSIS_RTOS_V2/cmsis_os2.o
LOAD ./Middlewares/Third_Party/FreeRTOS/Source/croutine.o
LOAD ./Middlewares/Third_Party/FreeRTOS/Source/event_groups.o
LOAD ./Middlewares/Third_Party/FreeRTOS/Source/list.o
LOAD ./Middlewares/Third_Party/FreeRTOS/Source/queue.o
LOAD ./Middlewares/Third_Party/FreeRTOS/Source/stream_buffer.o
LOAD ./Middlewares/Third_Party/FreeRTOS/Source/tasks.o
LOAD ./Middlewares/Third_Party/FreeRTOS/Source/timers.o
LOAD ./Middlewares/Third_Party/FreeRTOS/Source/portable/GCC/ARM_CM33_NTZ/non_secure/port.o
LOAD ./Middlewares/Third_Party/FreeRTOS/Source/portable/GCC/ARM_CM33_NTZ/non_secure/portasm.o
LOAD ./Middlewares/Third_Party/FreeRTOS/Source/portable/MemMang/heap_4.o
START GROUP
LOAD /opt/st/stm32cubeide_1.18.1/plugins/com.st.stm32cube.ide.mcu.externaltools.gnu-tools-for-stm32.13.3.rel1.linux64_1.0.0.202410170706/tools/bin/../lib/gcc/arm-none-eabi/13.3.1/../../../../arm-none-eabi/lib/thumb/v8-m.main+fp/hard/libc_nano.a
LOAD /opt/st/stm32cubeide_1.18.1/plugins/com.st.stm32cube.ide.mcu.externaltools.gnu-tools-for-stm32.13.3.rel1.linux64_1.0.0.202410170706/tools/bin/../lib/gcc/arm-none-eabi/13.3.1/../../../../arm-none-eabi/lib/thumb/v8-m.main+fp/hard/libm.a
END GROUP
START GROUP
LOAD /opt/st/stm32cubeide_1.18.1/plugins/com.st.stm32cube.ide.mcu.externaltools.gnu-tools-for-stm32.13.3.rel1.linux64_1.0.0.202410170706/tools/bin/../lib/gcc/arm-none-eabi/13.3.1/thumb/v8-m.main+fp/hard/libgcc.a
LOAD /opt/st/stm32cubeide_1.18.1/plugins/com.st.stm32cube.ide.mcu.externaltools.gnu-tools-for-stm32.13.3.rel1.linux64_1.0.0.202410170706/tools/bin/../lib/gcc/arm-none-eabi/13.3.1/../../../../arm-none-eabi/lib/thumb/v8-m.main+fp/hard/libc_nano.a
END GROUP
START GROUP
LOAD /opt/st/stm32cubeide_1.18.1/plugins/com.st.stm32cube.ide.mcu.externaltools.gnu-tools-for-stm32.13.3.rel1.linux64_1.0.0.202410170706/tools/bin/../lib/gcc/arm-none-eabi/13.3.1/thumb/v8-m.main+fp/hard/libgcc.a
LOAD /opt/st/stm32cubeide_1.18.1/plugins/com.st.stm32cube.ide.mcu.externaltools.gnu-tools-for-stm32.13.3.rel1.linux64_1.0.0.202410170706/tools/bin/../lib/gcc/arm-none-eabi/13.3.1/../../../../arm-none-eabi/lib/thumb/v8-m.main+fp/hard/libc_nano.a
LOAD /opt/st/stm32cubeide_1.18.1/plugins/com.st.stm32cube.ide.mcu.externaltools.gnu-tools-for-stm32.13.3.rel1.linux64_1.0.0.202410170706/tools/bin/../lib/gcc/arm-none-eabi/13.3.1/../../../../arm-none-eabi/lib/thumb/v8-m.main+fp/hard/libnosys.a
END GROUP
START GROUP
LOAD /opt/st/stm32cubeide_1.18.1/plugins/com.st.stm32cube.ide.mcu.externaltools.gnu-tools-for-stm32.13.3.rel1.linux64_1.0.0.202410170706/tools/bin/../lib/gcc/arm-none-eabi/13.3.1/thumb/v8-m.main+fp/hard/libgcc.a
LOAD /opt/st/stm32cubeide_1.18.1/plugins/com.st.stm32cube.ide.mcu.externaltools.gnu-tools-for-stm32.13.3.rel1.linux64_1.0.0.202410170706/tools/bin/../lib/gcc/arm-none-eabi/13.3.1/../../../../arm-none-eabi/lib/thumb/v8-m.main+fp/hard/libc_nano.a
LOAD /opt/st/stm32cubeide_1.18.1/plugins/com.st.stm32cube.ide.mcu.externaltools.gnu-tools-for-stm32.13.3.rel1.linux64_1.0.0.202410170706/tools/bin/../lib/gcc/arm-none-eabi/13.3.1/../../../../arm-none-eabi/lib/thumb/v8-m.main+fp/hard/libnosys.a
END GROUP
LOAD /opt/st/stm32cubeide_1.18.1/plugins/com.st.stm32cube.ide.mcu.externaltools.gnu-tools-for-stm32.13.3.rel1.linux64_1.0.0.202410170706/tools/bin/../lib/gcc/arm-none-eabi/13.3.1/thumb/v8-m.main+fp/hard/crtend.o
LOAD /opt/st/stm32cubeide_1.18.1/plugins/com.st.stm32cube.ide.mcu.externaltools.gnu-tools-for-stm32.13.3.rel1.linux64_1.0.0.202410170706/tools/bin/../lib/gcc/arm-none-eabi/13.3.1/thumb/v8-m.main+fp/hard/crtn.o
                0x200a0000                        _estack = (ORIGIN (RAM) + LENGTH (RAM))
                0x2009fc00                        _sstack = (_estack - _Min_Stack_Size)
                0x00000200                        _Min_Heap_Size = 0x200
                0x00000400                        _Min_Stack_Size = 0x400

.isr_vector     0x08000000      0x24c
                0x08000000                        . = ALIGN (0x4)
 *(.isr_vector)
 .isr_vector    0x08000000      0x24c ./Core/Startup/startup_stm32h563ritx.o
                0x08000000                g_pfnVectors
                0x0800024c                        . = ALIGN (0x4)

.text           0x08000250     0xf57c
                0x08000250                        . = ALIGN (0x4)
 *(.text)
 .text          0x08000250       0x40 /opt/st/stm32cubeide_1.18.1/plugins/com.st.stm32cube.ide.mcu.externaltools.gnu-tools-for-stm32.13.3.rel1.linux64_1.0.0.202410170706/tools/bin/../lib/gcc/arm-none-eabi/13.3.1/thumb/v8-m.main+fp/hard/crtbegin.o
 .text          0x08000290       0x30 /opt/st/stm32cubeide_1.18.1/plugins/com.st.stm32cube.ide.mcu.externaltools.gnu-tools-for-stm32.13.3.rel1.linux64_1.0.0.202410170706/tools/bin/../lib/gcc/arm-none-eabi/13.3.1/thumb/v8-m.main+fp/hard/libgcc.a(_aeabi_uldivmod.o)
                0x08000290                __aeabi_uldivmod
 .text          0x080002c0      0x348 /opt/st/stm32cubeide_1.18.1/plugins/com.st.stm32cube.ide.mcu.externaltools.gnu-tools-for-stm32.13.3.rel1.linux64_1.0.0.202410170706/tools/bin/../lib/gcc/arm-none-eabi/13.3.1/thumb/v8-m.main+fp/hard/libgcc.a(_udivmoddi4.o)
                0x080002c0                __udivmoddi4
 .text          0x08000608        0x4 /opt/st/stm32cubeide_1.18.1/plugins/com.st.stm32cube.ide.mcu.externaltools.gnu-tools-for-stm32.13.3.rel1.linux64_1.0.0.202410170706/tools/bin/../lib/gcc/arm-none-eabi/13.3.1/thumb/v8-m.main+fp/hard/libgcc.a(_dvmd_tls.o)
                0x08000608                __aeabi_ldiv0
                0x08000608                __aeabi_idiv0
 *(.text*)
 .text.MX_ADC1_Init
                0x0800060c       0xc4 ./Core/Src/adc.o
                0x0800060c                MX_ADC1_Init
 .text.MX_ADC2_Init
                0x080006d0       0xa0 ./Core/Src/adc.o
                0x080006d0                MX_ADC2_Init
 .text.HAL_ADC_MspInit
                0x08000770      0x1b4 ./Core/Src/adc.o
                0x08000770                HAL_ADC_MspInit
 .text.StartDefaultTask
                0x08000924       0x1c ./Core/Src/app_freertos.o
                0x08000924                StartDefaultTask
 .text.StartTask03
                0x08000940        0xc ./Core/Src/app_freertos.o
                0x08000940                StartTask03
 *fill*         0x0800094c        0x4 
 .text.StartTask02
                0x08000950      0xe64 ./Core/Src/app_freertos.o
                0x08000950                StartTask02
 .text.MX_FREERTOS_Init
                0x080017b4       0x58 ./Core/Src/app_freertos.o
                0x080017b4                MX_FREERTOS_Init
 .text.DRV8320S_ReadReg
                0x0800180c       0x50 ./Core/Src/drv8320s.o
                0x0800180c                DRV8320S_ReadReg
 .text.DRV8320S_BringupTest
                0x0800185c      0x41c ./Core/Src/drv8320s.o
                0x0800185c                DRV8320S_BringupTest
 .text.svpwm.part.0.constprop.0
                0x08001c78      0x478 ./Core/Src/foc.o
 .text.FOC_Init
                0x080020f0      0x12c ./Core/Src/foc.o
                0x080020f0                FOC_Init
 .text.FOC_CurrentLoop
                0x0800221c      0x380 ./Core/Src/foc.o
                0x0800221c                FOC_CurrentLoop
 .text.FOC_ResetElecRevs
                0x0800259c       0x14 ./Core/Src/foc.o
                0x0800259c                FOC_ResetElecRevs
 .text.FOC_SpeedLoop
                0x080025b0      0x228 ./Core/Src/foc.o
                0x080025b0                FOC_SpeedLoop
 .text.FOC_ZeroAlign
                0x080027d8      0x99c ./Core/Src/foc.o
                0x080027d8                FOC_ZeroAlign
 .text.FOC_StaticVectorProbe
                0x08003174      0x1e8 ./Core/Src/foc.o
                0x08003174                FOC_StaticVectorProbe
 .text.MX_GPDMA1_Init
                0x0800335c       0x38 ./Core/Src/gpdma.o
                0x0800335c                MX_GPDMA1_Init
 .text.MX_GPIO_Init
                0x08003394       0xec ./Core/Src/gpio.o
                0x08003394                MX_GPIO_Init
 .text.MX_ICACHE_Init
                0x08003480       0x28 ./Core/Src/icache.o
                0x08003480                MX_ICACHE_Init
 .text.SystemClock_Config
                0x080034a8       0xb8 ./Core/Src/main.o
                0x080034a8                SystemClock_Config
 .text.PeriphCommonClock_Config
                0x08003560       0x2c ./Core/Src/main.o
                0x08003560                PeriphCommonClock_Config
 .text.startup.main
                0x0800358c      0x280 ./Core/Src/main.o
                0x0800358c                main
 .text.HAL_ADC_ConvCpltCallback
                0x0800380c       0x90 ./Core/Src/main.o
                0x0800380c                HAL_ADC_ConvCpltCallback
 .text.HAL_UART_RxCpltCallback
                0x0800389c       0x6c ./Core/Src/main.o
                0x0800389c                HAL_UART_RxCpltCallback
 .text.HAL_UART_ErrorCallback
                0x08003908       0x24 ./Core/Src/main.o
                0x08003908                HAL_UART_ErrorCallback
 .text.HAL_TIM_PeriodElapsedCallback
                0x0800392c       0x40 ./Core/Src/main.o
                0x0800392c                HAL_TIM_PeriodElapsedCallback
 .text.Error_Handler
                0x0800396c        0x4 ./Core/Src/main.o
                0x0800396c                Error_Handler
 .text.MT6835_ReadReg
                0x08003970       0x9c ./Core/Src/mt6835.o
                0x08003970                MT6835_ReadReg
 .text.MT6835_WriteReg
                0x08003a0c       0x98 ./Core/Src/mt6835.o
                0x08003a0c                MT6835_WriteReg
 .text.MT6835_ReadAngle
                0x08003aa4       0xb4 ./Core/Src/mt6835.o
                0x08003aa4                MT6835_ReadAngle
 .text.MX_SPI1_Init
                0x08003b58       0x70 ./Core/Src/spi.o
                0x08003b58                MX_SPI1_Init
 .text.MX_SPI2_Init
                0x08003bc8       0x64 ./Core/Src/spi.o
                0x08003bc8                MX_SPI2_Init
 .text.HAL_SPI_MspInit
                0x08003c2c      0x158 ./Core/Src/spi.o
                0x08003c2c                HAL_SPI_MspInit
 .text.HAL_MspInit
                0x08003d84        0xc ./Core/Src/stm32h5xx_hal_msp.o
                0x08003d84                HAL_MspInit
 .text.HAL_InitTick
                0x08003d90       0xb0 ./Core/Src/stm32h5xx_hal_timebase_tim.o
                0x08003d90                HAL_InitTick
 .text.NMI_Handler
                0x08003e40        0x4 ./Core/Src/stm32h5xx_it.o
                0x08003e40                NMI_Handler
 .text.HardFault_Handler
                0x08003e44        0x4 ./Core/Src/stm32h5xx_it.o
                0x08003e44                HardFault_Handler
 .text.MemManage_Handler
                0x08003e48        0x4 ./Core/Src/stm32h5xx_it.o
                0x08003e48                MemManage_Handler
 .text.BusFault_Handler
                0x08003e4c        0x4 ./Core/Src/stm32h5xx_it.o
                0x08003e4c                BusFault_Handler
 .text.UsageFault_Handler
                0x08003e50        0x4 ./Core/Src/stm32h5xx_it.o
                0x08003e50                UsageFault_Handler
 .text.DebugMon_Handler
                0x08003e54        0x4 ./Core/Src/stm32h5xx_it.o
                0x08003e54                DebugMon_Handler
 .text.GPDMA1_Channel0_IRQHandler
                0x08003e58       0x50 ./Core/Src/stm32h5xx_it.o
                0x08003e58                GPDMA1_Channel0_IRQHandler
 .text.TIM3_IRQHandler
                0x08003ea8        0xc ./Core/Src/stm32h5xx_it.o
                0x08003ea8                TIM3_IRQHandler
 .text.TIM7_IRQHandler
                0x08003eb4        0xc ./Core/Src/stm32h5xx_it.o
                0x08003eb4                TIM7_IRQHandler
 .text.USART1_IRQHandler
                0x08003ec0        0xc ./Core/Src/stm32h5xx_it.o
                0x08003ec0                USART1_IRQHandler
 .text._sbrk    0x08003ecc       0x48 ./Core/Src/sysmem.o
                0x08003ecc                _sbrk
 .text.SystemInit
                0x08003f14       0xa4 ./Core/Src/system_stm32h5xx.o
                0x08003f14                SystemInit
 .text.MX_TIM1_Init
                0x08003fb8      0x188 ./Core/Src/tim.o
                0x08003fb8                MX_TIM1_Init
 .text.MX_TIM2_Init
                0x08004140       0x64 ./Core/Src/tim.o
                0x08004140                MX_TIM2_Init
 .text.MX_TIM3_Init
                0x080041a4       0x74 ./Core/Src/tim.o
                0x080041a4                MX_TIM3_Init
 .text.HAL_TIM_Base_MspInit
                0x08004218       0x74 ./Core/Src/tim.o
                0x08004218                HAL_TIM_Base_MspInit
 .text.HAL_TIM_Encoder_MspInit
                0x0800428c       0xa4 ./Core/Src/tim.o
                0x0800428c                HAL_TIM_Encoder_MspInit
 .text.MX_USART1_UART_Init
                0x08004330       0x88 ./Core/Src/usart.o
                0x08004330                MX_USART1_UART_Init
 .text.HAL_UART_MspInit
                0x080043b8       0xb0 ./Core/Src/usart.o
                0x080043b8                HAL_UART_MspInit
 .text.Reset_Handler
                0x08004468       0x5c ./Core/Startup/startup_stm32h563ritx.o
                0x08004468                Reset_Handler
 .text.Default_Handler
                0x080044c4        0x2 ./Core/Startup/startup_stm32h563ritx.o
                0x080044c4                EXTI2_IRQHandler
                0x080044c4                TIM8_TRG_COM_IRQHandler
                0x080044c4                TIM8_CC_IRQHandler
                0x080044c4                EXTI5_IRQHandler
                0x080044c4                I3C1_ER_IRQHandler
                0x080044c4                UART8_IRQHandler
                0x080044c4                SPI4_IRQHandler
                0x080044c4                GPDMA2_Channel1_IRQHandler
                0x080044c4                FLASH_S_IRQHandler
                0x080044c4                EXTI13_IRQHandler
                0x080044c4                TIM1_CC_IRQHandler
                0x080044c4                GPDMA2_Channel3_IRQHandler
                0x080044c4                TAMP_IRQHandler
                0x080044c4                TIM6_IRQHandler
                0x080044c4                EXTI12_IRQHandler
                0x080044c4                CORDIC_IRQHandler
                0x080044c4                USB_DRD_FS_IRQHandler
                0x080044c4                EXTI3_IRQHandler
                0x080044c4                LPTIM4_IRQHandler
                0x080044c4                GPDMA1_Channel5_IRQHandler
                0x080044c4                EXTI8_IRQHandler
                0x080044c4                GPDMA2_Channel5_IRQHandler
                0x080044c4                LPTIM2_IRQHandler
                0x080044c4                I2C3_ER_IRQHandler
                0x080044c4                GPDMA2_Channel2_IRQHandler
                0x080044c4                USART10_IRQHandler
                0x080044c4                LPTIM3_IRQHandler
                0x080044c4                EXTI0_IRQHandler
                0x080044c4                I2C2_EV_IRQHandler
                0x080044c4                FPU_IRQHandler
                0x080044c4                GPDMA1_Channel3_IRQHandler
                0x080044c4                GPDMA1_Channel7_IRQHandler
                0x080044c4                FDCAN1_IT1_IRQHandler
                0x080044c4                RAMCFG_IRQHandler
                0x080044c4                DCACHE1_IRQHandler
                0x080044c4                SPI1_IRQHandler
                0x080044c4                OCTOSPI1_IRQHandler
                0x080044c4                GPDMA1_Channel2_IRQHandler
                0x080044c4                TIM8_UP_IRQHandler
                0x080044c4                RCC_S_IRQHandler
                0x080044c4                SAI2_IRQHandler
                0x080044c4                ADC1_IRQHandler
                0x080044c4                USART6_IRQHandler
                0x080044c4                EXTI15_IRQHandler
                0x080044c4                TIM17_IRQHandler
                0x080044c4                USART3_IRQHandler
                0x080044c4                RTC_IRQHandler
                0x080044c4                EXTI9_IRQHandler
                0x080044c4                LPTIM5_IRQHandler
                0x080044c4                UART5_IRQHandler
                0x080044c4                TIM4_IRQHandler
                0x080044c4                I2C1_EV_IRQHandler
                0x080044c4                GPDMA1_Channel1_IRQHandler
                0x080044c4                TIM16_IRQHandler
                0x080044c4                UART4_IRQHandler
                0x080044c4                SecureFault_Handler
                0x080044c4                RCC_IRQHandler
                0x080044c4                UART9_IRQHandler
                0x080044c4                TIM1_TRG_COM_IRQHandler
                0x080044c4                Default_Handler
                0x080044c4                FMAC_IRQHandler
                0x080044c4                CEC_IRQHandler
                0x080044c4                USART11_IRQHandler
                0x080044c4                TIM14_IRQHandler
                0x080044c4                TIM13_IRQHandler
                0x080044c4                GPDMA2_Channel4_IRQHandler
                0x080044c4                SPI5_IRQHandler
                0x080044c4                TIM12_IRQHandler
                0x080044c4                SDMMC1_IRQHandler
                0x080044c4                TIM5_IRQHandler
                0x080044c4                UCPD1_IRQHandler
                0x080044c4                I3C1_EV_IRQHandler
                0x080044c4                TIM15_IRQHandler
                0x080044c4                PVD_AVD_IRQHandler
                0x080044c4                I2C3_EV_IRQHandler
                0x080044c4                ETH_WKUP_IRQHandler
                0x080044c4                ADC2_IRQHandler
                0x080044c4                SPI2_IRQHandler
                0x080044c4                EXTI14_IRQHandler
                0x080044c4                EXTI11_IRQHandler
                0x080044c4                CRS_IRQHandler
                0x080044c4                EXTI4_IRQHandler
                0x080044c4                GPDMA2_Channel0_IRQHandler
                0x080044c4                RTC_S_IRQHandler
                0x080044c4                RNG_IRQHandler
                0x080044c4                FDCAN2_IT1_IRQHandler
                0x080044c4                ETH_IRQHandler
                0x080044c4                GPDMA2_Channel6_IRQHandler
                0x080044c4                TIM1_UP_IRQHandler
                0x080044c4                UART12_IRQHandler
                0x080044c4                WWDG_IRQHandler
                0x080044c4                SPI6_IRQHandler
                0x080044c4                I2C4_EV_IRQHandler
                0x080044c4                FDCAN2_IT0_IRQHandler
                0x080044c4                IWDG_IRQHandler
                0x080044c4                LPUART1_IRQHandler
                0x080044c4                FDCAN1_IT0_IRQHandler
                0x080044c4                TIM2_IRQHandler
                0x080044c4                GPDMA1_Channel4_IRQHandler
                0x080044c4                EXTI7_IRQHandler
                0x080044c4                TIM1_BRK_IRQHandler
                0x080044c4                EXTI1_IRQHandler
                0x080044c4                SDMMC2_IRQHandler
                0x080044c4                LPTIM6_IRQHandler
                0x080044c4                DAC1_IRQHandler
                0x080044c4                DTS_IRQHandler
                0x080044c4                UART7_IRQHandler
                0x080044c4                GTZC_IRQHandler
                0x080044c4                USART2_IRQHandler
                0x080044c4                GPDMA1_Channel6_IRQHandler
                0x080044c4                GPDMA2_Channel7_IRQHandler
                0x080044c4                I2C2_ER_IRQHandler
                0x080044c4                TIM8_BRK_IRQHandler
                0x080044c4                FLASH_IRQHandler
                0x080044c4                EXTI10_IRQHandler
                0x080044c4                SPI3_IRQHandler
                0x080044c4                I2C1_ER_IRQHandler
                0x080044c4                FMC_IRQHandler
                0x080044c4                EXTI6_IRQHandler
                0x080044c4                LPTIM1_IRQHandler
                0x080044c4                DCMI_PSSI_IRQHandler
                0x080044c4                I2C4_ER_IRQHandler
                0x080044c4                ICACHE_IRQHandler
                0x080044c4                SAI1_IRQHandler
                0x080044c4                HASH_IRQHandler
 *fill*         0x080044c6        0x2 
 .text.HAL_Init
                0x080044c8       0x4c ./Drivers/STM32H5xx_HAL_Driver/Src/stm32h5xx_hal.o
                0x080044c8                HAL_Init
 .text.HAL_IncTick
                0x08004514       0x18 ./Drivers/STM32H5xx_HAL_Driver/Src/stm32h5xx_hal.o
                0x08004514                HAL_IncTick
 .text.HAL_GetTick
                0x0800452c        0xc ./Drivers/STM32H5xx_HAL_Driver/Src/stm32h5xx_hal.o
                0x0800452c                HAL_GetTick
 .text.HAL_Delay
                0x08004538       0x24 ./Drivers/STM32H5xx_HAL_Driver/Src/stm32h5xx_hal.o
                0x08004538                HAL_Delay
 .text.HAL_ADC_Init
                0x0800455c      0x1bc ./Drivers/STM32H5xx_HAL_Driver/Src/stm32h5xx_hal_adc.o
                0x0800455c                HAL_ADC_Init
 .text.HAL_ADC_PollForConversion
                0x08004718       0xec ./Drivers/STM32H5xx_HAL_Driver/Src/stm32h5xx_hal_adc.o
                0x08004718                HAL_ADC_PollForConversion
 .text.HAL_ADC_GetValue
                0x08004804        0x8 ./Drivers/STM32H5xx_HAL_Driver/Src/stm32h5xx_hal_adc.o
                0x08004804                HAL_ADC_GetValue
 .text.HAL_ADC_ConvHalfCpltCallback
                0x0800480c        0x4 ./Drivers/STM32H5xx_HAL_Driver/Src/stm32h5xx_hal_adc.o
                0x0800480c                HAL_ADC_ConvHalfCpltCallback
 .text.ADC_DMAHalfConvCplt
                0x08004810        0xc ./Drivers/STM32H5xx_HAL_Driver/Src/stm32h5xx_hal_adc.o
                0x08004810                ADC_DMAHalfConvCplt
 .text.HAL_ADC_ErrorCallback
                0x0800481c        0x4 ./Drivers/STM32H5xx_HAL_Driver/Src/stm32h5xx_hal_adc.o
                0x0800481c                HAL_ADC_ErrorCallback
 .text.ADC_DMAConvCplt
                0x08004820       0x6c ./Drivers/STM32H5xx_HAL_Driver/Src/stm32h5xx_hal_adc.o
                0x08004820                ADC_DMAConvCplt
 .text.ADC_DMAError
                0x0800488c       0x1c ./Drivers/STM32H5xx_HAL_Driver/Src/stm32h5xx_hal_adc.o
                0x0800488c                ADC_DMAError
 .text.HAL_ADC_ConfigChannel
                0x080048a8      0x4fc ./Drivers/STM32H5xx_HAL_Driver/Src/stm32h5xx_hal_adc.o
                0x080048a8                HAL_ADC_ConfigChannel
 .text.ADC_Enable
                0x08004da4       0xc4 ./Drivers/STM32H5xx_HAL_Driver/Src/stm32h5xx_hal_adc.o
                0x08004da4                ADC_Enable
 .text.HAL_ADC_Start
                0x08004e68       0xd4 ./Drivers/STM32H5xx_HAL_Driver/Src/stm32h5xx_hal_adc.o
                0x08004e68                HAL_ADC_Start
 .text.HAL_ADC_Start_DMA
                0x08004f3c      0x140 ./Drivers/STM32H5xx_HAL_Driver/Src/stm32h5xx_hal_adc.o
                0x08004f3c                HAL_ADC_Start_DMA
 .text.ADC_Disable
                0x0800507c       0x74 ./Drivers/STM32H5xx_HAL_Driver/Src/stm32h5xx_hal_adc.o
                0x0800507c                ADC_Disable
 .text.HAL_ADCEx_Calibration_Start
                0x080050f0       0x9c ./Drivers/STM32H5xx_HAL_Driver/Src/stm32h5xx_hal_adc_ex.o
                0x080050f0                HAL_ADCEx_Calibration_Start
 .text.HAL_NVIC_SetPriorityGrouping
                0x0800518c       0x24 ./Drivers/STM32H5xx_HAL_Driver/Src/stm32h5xx_hal_cortex.o
                0x0800518c                HAL_NVIC_SetPriorityGrouping
 .text.HAL_NVIC_SetPriority
                0x080051b0       0x78 ./Drivers/STM32H5xx_HAL_Driver/Src/stm32h5xx_hal_cortex.o
                0x080051b0                HAL_NVIC_SetPriority
 .text.HAL_NVIC_EnableIRQ
                0x08005228       0x1c ./Drivers/STM32H5xx_HAL_Driver/Src/stm32h5xx_hal_cortex.o
                0x08005228                HAL_NVIC_EnableIRQ
 .text.HAL_SYSTICK_CLKSourceConfig
                0x08005244       0x7c ./Drivers/STM32H5xx_HAL_Driver/Src/stm32h5xx_hal_cortex.o
                0x08005244                HAL_SYSTICK_CLKSourceConfig
 .text.HAL_MPU_Enable
                0x080052c0       0x24 ./Drivers/STM32H5xx_HAL_Driver/Src/stm32h5xx_hal_cortex.o
                0x080052c0                HAL_MPU_Enable
 .text.HAL_MPU_Disable
                0x080052e4       0x28 ./Drivers/STM32H5xx_HAL_Driver/Src/stm32h5xx_hal_cortex.o
                0x080052e4                HAL_MPU_Disable
 .text.HAL_MPU_ConfigRegion
                0x0800530c       0x54 ./Drivers/STM32H5xx_HAL_Driver/Src/stm32h5xx_hal_cortex.o
                0x0800530c                HAL_MPU_ConfigRegion
 .text.HAL_MPU_ConfigMemoryAttributes
                0x08005360       0x38 ./Drivers/STM32H5xx_HAL_Driver/Src/stm32h5xx_hal_cortex.o
                0x08005360                HAL_MPU_ConfigMemoryAttributes
 .text.HAL_DMA_Init
                0x08005398      0x2b4 ./Drivers/STM32H5xx_HAL_Driver/Src/stm32h5xx_hal_dma.o
                0x08005398                HAL_DMA_Init
 .text.HAL_DMA_Start_IT
                0x0800564c       0x88 ./Drivers/STM32H5xx_HAL_Driver/Src/stm32h5xx_hal_dma.o
                0x0800564c                HAL_DMA_Start_IT
 .text.HAL_DMA_Abort
                0x080056d4       0x9c ./Drivers/STM32H5xx_HAL_Driver/Src/stm32h5xx_hal_dma.o
                0x080056d4                HAL_DMA_Abort
 .text.HAL_DMA_Abort_IT
                0x08005770       0x2c ./Drivers/STM32H5xx_HAL_Driver/Src/stm32h5xx_hal_dma.o
                0x08005770                HAL_DMA_Abort_IT
 .text.HAL_DMA_IRQHandler
                0x0800579c      0x180 ./Drivers/STM32H5xx_HAL_Driver/Src/stm32h5xx_hal_dma.o
                0x0800579c                HAL_DMA_IRQHandler
 .text.HAL_DMA_ConfigChannelAttributes
                0x0800591c       0x38 ./Drivers/STM32H5xx_HAL_Driver/Src/stm32h5xx_hal_dma.o
                0x0800591c                HAL_DMA_ConfigChannelAttributes
 .text.HAL_DMAEx_List_Start_IT
                0x08005954       0xc4 ./Drivers/STM32H5xx_HAL_Driver/Src/stm32h5xx_hal_dma_ex.o
                0x08005954                HAL_DMAEx_List_Start_IT
 .text.HAL_DMAEx_List_GetNodeConfig
                0x08005a18       0xfc ./Drivers/STM32H5xx_HAL_Driver/Src/stm32h5xx_hal_dma_ex.o
                0x08005a18                HAL_DMAEx_List_GetNodeConfig
 .text.HAL_GPIO_Init
                0x08005b14      0x188 ./Drivers/STM32H5xx_HAL_Driver/Src/stm32h5xx_hal_gpio.o
                0x08005b14                HAL_GPIO_Init
 .text.HAL_GPIO_ReadPin
                0x08005c9c        0xc ./Drivers/STM32H5xx_HAL_Driver/Src/stm32h5xx_hal_gpio.o
                0x08005c9c                HAL_GPIO_ReadPin
 .text.HAL_GPIO_WritePin
                0x08005ca8        0xc ./Drivers/STM32H5xx_HAL_Driver/Src/stm32h5xx_hal_gpio.o
                0x08005ca8                HAL_GPIO_WritePin
 .text.HAL_GPIO_TogglePin
                0x08005cb4       0x14 ./Drivers/STM32H5xx_HAL_Driver/Src/stm32h5xx_hal_gpio.o
                0x08005cb4                HAL_GPIO_TogglePin
 .text.HAL_ICACHE_ConfigAssociativityMode
                0x08005cc8       0x28 ./Drivers/STM32H5xx_HAL_Driver/Src/stm32h5xx_hal_icache.o
                0x08005cc8                HAL_ICACHE_ConfigAssociativityMode
 .text.HAL_ICACHE_Enable
                0x08005cf0       0x14 ./Drivers/STM32H5xx_HAL_Driver/Src/stm32h5xx_hal_icache.o
                0x08005cf0                HAL_ICACHE_Enable
 .text.HAL_RCC_GetSysClockFreq.part.0
                0x08005d04      0x128 ./Drivers/STM32H5xx_HAL_Driver/Src/stm32h5xx_hal_rcc.o
 .text.HAL_RCC_OscConfig
                0x08005e2c      0x6ac ./Drivers/STM32H5xx_HAL_Driver/Src/stm32h5xx_hal_rcc.o
                0x08005e2c                HAL_RCC_OscConfig
 .text.HAL_RCC_ClockConfig
                0x080064d8      0x2ac ./Drivers/STM32H5xx_HAL_Driver/Src/stm32h5xx_hal_rcc.o
                0x080064d8                HAL_RCC_ClockConfig
 .text.HAL_RCC_GetSysClockFreq
                0x08006784       0x5c ./Drivers/STM32H5xx_HAL_Driver/Src/stm32h5xx_hal_rcc.o
                0x08006784                HAL_RCC_GetSysClockFreq
 .text.HAL_RCC_GetHCLKFreq
                0x080067e0       0x7c ./Drivers/STM32H5xx_HAL_Driver/Src/stm32h5xx_hal_rcc.o
                0x080067e0                HAL_RCC_GetHCLKFreq
 .text.HAL_RCC_GetPCLK1Freq
                0x0800685c       0x94 ./Drivers/STM32H5xx_HAL_Driver/Src/stm32h5xx_hal_rcc.o
                0x0800685c                HAL_RCC_GetPCLK1Freq
 .text.HAL_RCC_GetPCLK2Freq
                0x080068f0       0x94 ./Drivers/STM32H5xx_HAL_Driver/Src/stm32h5xx_hal_rcc.o
                0x080068f0                HAL_RCC_GetPCLK2Freq
 .text.HAL_RCC_GetPCLK3Freq
                0x08006984       0x94 ./Drivers/STM32H5xx_HAL_Driver/Src/stm32h5xx_hal_rcc.o
                0x08006984                HAL_RCC_GetPCLK3Freq
 .text.HAL_RCC_GetClockConfig
                0x08006a18       0x48 ./Drivers/STM32H5xx_HAL_Driver/Src/stm32h5xx_hal_rcc.o
                0x08006a18                HAL_RCC_GetClockConfig
 .text.RCCEx_PLL2_Config
                0x08006a60       0xd4 ./Drivers/STM32H5xx_HAL_Driver/Src/stm32h5xx_hal_rcc_ex.o
 .text.RCCEx_PLL3_Config
                0x08006b34       0xd4 ./Drivers/STM32H5xx_HAL_Driver/Src/stm32h5xx_hal_rcc_ex.o
 .text.HAL_RCCEx_PeriphCLKConfig
                0x08006c08     0x130c ./Drivers/STM32H5xx_HAL_Driver/Src/stm32h5xx_hal_rcc_ex.o
                0x08006c08                HAL_RCCEx_PeriphCLKConfig
 .text.HAL_RCCEx_GetPLL1ClockFreq
                0x08007f14      0x158 ./Drivers/STM32H5xx_HAL_Driver/Src/stm32h5xx_hal_rcc_ex.o
                0x08007f14                HAL_RCCEx_GetPLL1ClockFreq
 .text.HAL_RCCEx_GetPLL2ClockFreq
                0x0800806c      0x158 ./Drivers/STM32H5xx_HAL_Driver/Src/stm32h5xx_hal_rcc_ex.o
                0x0800806c                HAL_RCCEx_GetPLL2ClockFreq
 .text.HAL_RCCEx_GetPLL3ClockFreq
                0x080081c4      0x158 ./Drivers/STM32H5xx_HAL_Driver/Src/stm32h5xx_hal_rcc_ex.o
                0x080081c4                HAL_RCCEx_GetPLL3ClockFreq
 .text.HAL_RCCEx_GetPeriphCLKFreq
                0x0800831c     0x1790 ./Drivers/STM32H5xx_HAL_Driver/Src/stm32h5xx_hal_rcc_ex.o
                0x0800831c                HAL_RCCEx_GetPeriphCLKFreq
 .text.SPI_CloseTransfer
                0x08009aac       0xb0 ./Drivers/STM32H5xx_HAL_Driver/Src/stm32h5xx_hal_spi.o
 .text.HAL_SPI_Init
                0x08009b5c      0x1e0 ./Drivers/STM32H5xx_HAL_Driver/Src/stm32h5xx_hal_spi.o
                0x08009b5c                HAL_SPI_Init
 .text.HAL_SPI_TransmitReceive
                0x08009d3c      0x760 ./Drivers/STM32H5xx_HAL_Driver/Src/stm32h5xx_hal_spi.o
                0x08009d3c                HAL_SPI_TransmitReceive
 .text.TIM_OC1_SetConfig
                0x0800a49c       0xa8 ./Drivers/STM32H5xx_HAL_Driver/Src/stm32h5xx_hal_tim.o
 .text.TIM_OC3_SetConfig
                0x0800a544       0xac ./Drivers/STM32H5xx_HAL_Driver/Src/stm32h5xx_hal_tim.o
 .text.TIM_OC4_SetConfig
                0x0800a5f0       0xb0 ./Drivers/STM32H5xx_HAL_Driver/Src/stm32h5xx_hal_tim.o
 .text.TIM_OC5_SetConfig
                0x0800a6a0       0x98 ./Drivers/STM32H5xx_HAL_Driver/Src/stm32h5xx_hal_tim.o
 .text.TIM_OC6_SetConfig
                0x0800a738       0x9c ./Drivers/STM32H5xx_HAL_Driver/Src/stm32h5xx_hal_tim.o
 .text.HAL_TIM_Base_Init
                0x0800a7d4      0x1d4 ./Drivers/STM32H5xx_HAL_Driver/Src/stm32h5xx_hal_tim.o
                0x0800a7d4                HAL_TIM_Base_Init
 .text.HAL_TIM_Base_Start
                0x0800a9a8       0xc0 ./Drivers/STM32H5xx_HAL_Driver/Src/stm32h5xx_hal_tim.o
                0x0800a9a8                HAL_TIM_Base_Start
 .text.HAL_TIM_Base_Start_IT
                0x0800aa68       0xc8 ./Drivers/STM32H5xx_HAL_Driver/Src/stm32h5xx_hal_tim.o
                0x0800aa68                HAL_TIM_Base_Start_IT
 .text.HAL_TIM_PWM_MspInit
                0x0800ab30        0x4 ./Drivers/STM32H5xx_HAL_Driver/Src/stm32h5xx_hal_tim.o
                0x0800ab30                HAL_TIM_PWM_MspInit
 .text.HAL_TIM_PWM_Init
                0x0800ab34      0x1d4 ./Drivers/STM32H5xx_HAL_Driver/Src/stm32h5xx_hal_tim.o
                0x0800ab34                HAL_TIM_PWM_Init
 .text.HAL_TIM_PWM_Start
                0x0800ad08      0x1e0 ./Drivers/STM32H5xx_HAL_Driver/Src/stm32h5xx_hal_tim.o
                0x0800ad08                HAL_TIM_PWM_Start
 .text.HAL_TIM_Encoder_Init
                0x0800aee8      0x230 ./Drivers/STM32H5xx_HAL_Driver/Src/stm32h5xx_hal_tim.o
                0x0800aee8                HAL_TIM_Encoder_Init
 .text.HAL_TIM_Encoder_Start
                0x0800b118       0xc4 ./Drivers/STM32H5xx_HAL_Driver/Src/stm32h5xx_hal_tim.o
                0x0800b118                HAL_TIM_Encoder_Start
 .text.HAL_TIM_ConfigClockSource
                0x0800b1dc      0x1c0 ./Drivers/STM32H5xx_HAL_Driver/Src/stm32h5xx_hal_tim.o
                0x0800b1dc                HAL_TIM_ConfigClockSource
 .text.HAL_TIM_OC_DelayElapsedCallback
                0x0800b39c        0x4 ./Drivers/STM32H5xx_HAL_Driver/Src/stm32h5xx_hal_tim.o
                0x0800b39c                HAL_TIM_OC_DelayElapsedCallback
 .text.HAL_TIM_IC_CaptureCallback
                0x0800b3a0        0x4 ./Drivers/STM32H5xx_HAL_Driver/Src/stm32h5xx_hal_tim.o
                0x0800b3a0                HAL_TIM_IC_CaptureCallback
 .text.HAL_TIM_PWM_PulseFinishedCallback
                0x0800b3a4        0x4 ./Drivers/STM32H5xx_HAL_Driver/Src/stm32h5xx_hal_tim.o
                0x0800b3a4                HAL_TIM_PWM_PulseFinishedCallback
 .text.HAL_TIM_TriggerCallback
                0x0800b3a8        0x4 ./Drivers/STM32H5xx_HAL_Driver/Src/stm32h5xx_hal_tim.o
                0x0800b3a8                HAL_TIM_TriggerCallback
 .text.HAL_TIM_IRQHandler
                0x0800b3ac      0x1c4 ./Drivers/STM32H5xx_HAL_Driver/Src/stm32h5xx_hal_tim.o
                0x0800b3ac                HAL_TIM_IRQHandler
 .text.TIM_OC2_SetConfig
                0x0800b570       0xb0 ./Drivers/STM32H5xx_HAL_Driver/Src/stm32h5xx_hal_tim.o
                0x0800b570                TIM_OC2_SetConfig
 .text.HAL_TIM_PWM_ConfigChannel
                0x0800b620      0x108 ./Drivers/STM32H5xx_HAL_Driver/Src/stm32h5xx_hal_tim.o
                0x0800b620                HAL_TIM_PWM_ConfigChannel
 .text.HAL_TIMEx_MasterConfigSynchronization
                0x0800b728       0xe8 ./Drivers/STM32H5xx_HAL_Driver/Src/stm32h5xx_hal_tim_ex.o
                0x0800b728                HAL_TIMEx_MasterConfigSynchronization
 .text.HAL_TIMEx_ConfigBreakDeadTime
                0x0800b810       0xac ./Drivers/STM32H5xx_HAL_Driver/Src/stm32h5xx_hal_tim_ex.o
                0x0800b810                HAL_TIMEx_ConfigBreakDeadTime
 .text.HAL_TIMEx_CommutCallback
                0x0800b8bc        0x4 ./Drivers/STM32H5xx_HAL_Driver/Src/stm32h5xx_hal_tim_ex.o
                0x0800b8bc                HAL_TIMEx_CommutCallback
 .text.HAL_TIMEx_BreakCallback
                0x0800b8c0        0x4 ./Drivers/STM32H5xx_HAL_Driver/Src/stm32h5xx_hal_tim_ex.o
                0x0800b8c0                HAL_TIMEx_BreakCallback
 .text.HAL_TIMEx_Break2Callback
                0x0800b8c4        0x4 ./Drivers/STM32H5xx_HAL_Driver/Src/stm32h5xx_hal_tim_ex.o
                0x0800b8c4                HAL_TIMEx_Break2Callback
 .text.HAL_TIMEx_EncoderIndexCallback
                0x0800b8c8        0x4 ./Drivers/STM32H5xx_HAL_Driver/Src/stm32h5xx_hal_tim_ex.o
                0x0800b8c8                HAL_TIMEx_EncoderIndexCallback
 .text.HAL_TIMEx_DirectionChangeCallback
                0x0800b8cc        0x4 ./Drivers/STM32H5xx_HAL_Driver/Src/stm32h5xx_hal_tim_ex.o
                0x0800b8cc                HAL_TIMEx_DirectionChangeCallback
 .text.HAL_TIMEx_IndexErrorCallback
                0x0800b8d0        0x4 ./Drivers/STM32H5xx_HAL_Driver/Src/stm32h5xx_hal_tim_ex.o
                0x0800b8d0                HAL_TIMEx_IndexErrorCallback
 .text.HAL_TIMEx_TransitionErrorCallback
                0x0800b8d4        0x4 ./Drivers/STM32H5xx_HAL_Driver/Src/stm32h5xx_hal_tim_ex.o
                0x0800b8d4                HAL_TIMEx_TransitionErrorCallback
 .text.HAL_UART_Transmit
                0x0800b8d8      0x14c ./Drivers/STM32H5xx_HAL_Driver/Src/stm32h5xx_hal_uart.o
                0x0800b8d8                HAL_UART_Transmit
 .text.HAL_UART_Receive_IT
                0x0800ba24      0x188 ./Drivers/STM32H5xx_HAL_Driver/Src/stm32h5xx_hal_uart.o
                0x0800ba24                HAL_UART_Receive_IT
 .text.HAL_UART_TxCpltCallback
                0x0800bbac        0x4 ./Drivers/STM32H5xx_HAL_Driver/Src/stm32h5xx_hal_uart.o
                0x0800bbac                HAL_UART_TxCpltCallback
 .text.UART_DMAAbortOnError
                0x0800bbb0        0xc ./Drivers/STM32H5xx_HAL_Driver/Src/stm32h5xx_hal_uart.o
 .text.HAL_UARTEx_RxEventCallback
                0x0800bbbc        0x4 ./Drivers/STM32H5xx_HAL_Driver/Src/stm32h5xx_hal_uart.o
                0x0800bbbc                HAL_UARTEx_RxEventCallback
 .text.HAL_UART_IRQHandler
                0x0800bbc0      0x374 ./Drivers/STM32H5xx_HAL_Driver/Src/stm32h5xx_hal_uart.o
                0x0800bbc0                HAL_UART_IRQHandler
 .text.UART_RxISR_8BIT.part.0
                0x0800bf34       0x94 ./Drivers/STM32H5xx_HAL_Driver/Src/stm32h5xx_hal_uart.o
 .text.UART_RxISR_16BIT
                0x0800bfc8       0x48 ./Drivers/STM32H5xx_HAL_Driver/Src/stm32h5xx_hal_uart.o
 .text.UART_RxISR_8BIT
                0x0800c010       0x44 ./Drivers/STM32H5xx_HAL_Driver/Src/stm32h5xx_hal_uart.o
 .text.UART_RxISR_8BIT_FIFOEN
                0x0800c054      0x234 ./Drivers/STM32H5xx_HAL_Driver/Src/stm32h5xx_hal_uart.o
 .text.UART_RxISR_16BIT_FIFOEN
                0x0800c288      0x228 ./Drivers/STM32H5xx_HAL_Driver/Src/stm32h5xx_hal_uart.o
 .text.UART_AdvFeatureConfig
                0x0800c4b0       0xb0 ./Drivers/STM32H5xx_HAL_Driver/Src/stm32h5xx_hal_uart.o
                0x0800c4b0                UART_AdvFeatureConfig
 .text.UART_CheckIdleState
                0x0800c560      0x258 ./Drivers/STM32H5xx_HAL_Driver/Src/stm32h5xx_hal_uart.o
                0x0800c560                UART_CheckIdleState
 .text.HAL_UART_Init
                0x0800c7b8      0x2e8 ./Drivers/STM32H5xx_HAL_Driver/Src/stm32h5xx_hal_uart.o
                0x0800c7b8                HAL_UART_Init
 .text.HAL_UARTEx_WakeupCallback
                0x0800caa0        0x4 ./Drivers/STM32H5xx_HAL_Driver/Src/stm32h5xx_hal_uart_ex.o
                0x0800caa0                HAL_UARTEx_WakeupCallback
 .text.HAL_UARTEx_RxFifoFullCallback
                0x0800caa4        0x4 ./Drivers/STM32H5xx_HAL_Driver/Src/stm32h5xx_hal_uart_ex.o
                0x0800caa4                HAL_UARTEx_RxFifoFullCallback
 .text.HAL_UARTEx_TxFifoEmptyCallback
                0x0800caa8        0x4 ./Drivers/STM32H5xx_HAL_Driver/Src/stm32h5xx_hal_uart_ex.o
                0x0800caa8                HAL_UARTEx_TxFifoEmptyCallback
 .text.HAL_UARTEx_DisableFifoMode
                0x0800caac       0x3c ./Drivers/STM32H5xx_HAL_Driver/Src/stm32h5xx_hal_uart_ex.o
                0x0800caac                HAL_UARTEx_DisableFifoMode
 .text.HAL_UARTEx_SetTxFifoThreshold
                0x0800cae8       0x84 ./Drivers/STM32H5xx_HAL_Driver/Src/stm32h5xx_hal_uart_ex.o
                0x0800cae8                HAL_UARTEx_SetTxFifoThreshold
 .text.HAL_UARTEx_SetRxFifoThreshold
                0x0800cb6c       0x84 ./Drivers/STM32H5xx_HAL_Driver/Src/stm32h5xx_hal_uart_ex.o
                0x0800cb6c                HAL_UARTEx_SetRxFifoThreshold
 .text.SysTick_Handler
                0x0800cbf0       0x1c ./Middlewares/Third_Party/FreeRTOS/Source/CMSIS_RTOS_V2/cmsis_os2.o
                0x0800cbf0                SysTick_Handler
 .text.osKernelInitialize
                0x0800cc0c       0x44 ./Middlewares/Third_Party/FreeRTOS/Source/CMSIS_RTOS_V2/cmsis_os2.o
                0x0800cc0c                osKernelInitialize
 .text.osKernelStart
                0x0800cc50       0x4c ./Middlewares/Third_Party/FreeRTOS/Source/CMSIS_RTOS_V2/cmsis_os2.o
                0x0800cc50                osKernelStart
 .text.osThreadNew
                0x0800cc9c       0xac ./Middlewares/Third_Party/FreeRTOS/Source/CMSIS_RTOS_V2/cmsis_os2.o
                0x0800cc9c                osThreadNew
 .text.osDelay  0x0800cd48       0x3c ./Middlewares/Third_Party/FreeRTOS/Source/CMSIS_RTOS_V2/cmsis_os2.o
                0x0800cd48                osDelay
 .text.vListInitialise
                0x0800cd84       0x18 ./Middlewares/Third_Party/FreeRTOS/Source/list.o
                0x0800cd84                vListInitialise
 .text.vListInitialiseItem
                0x0800cd9c        0x8 ./Middlewares/Third_Party/FreeRTOS/Source/list.o
                0x0800cd9c                vListInitialiseItem
 .text.vListInsert
                0x0800cda4       0x30 ./Middlewares/Third_Party/FreeRTOS/Source/list.o
                0x0800cda4                vListInsert
 .text.uxListRemove
                0x0800cdd4       0x28 ./Middlewares/Third_Party/FreeRTOS/Source/list.o
                0x0800cdd4                uxListRemove
 .text.xQueueGenericCreateStatic
                0x0800cdfc       0xa0 ./Middlewares/Third_Party/FreeRTOS/Source/queue.o
                0x0800cdfc                xQueueGenericCreateStatic
 .text.xQueueReceive
                0x0800ce9c      0x2bc ./Middlewares/Third_Party/FreeRTOS/Source/queue.o
                0x0800ce9c                xQueueReceive
 .text.vQueueAddToRegistry
                0x0800d158      0x124 ./Middlewares/Third_Party/FreeRTOS/Source/queue.o
                0x0800d158                vQueueAddToRegistry
 .text.vQueueWaitForMessageRestricted
                0x0800d27c       0xc8 ./Middlewares/Third_Party/FreeRTOS/Source/queue.o
                0x0800d27c                vQueueWaitForMessageRestricted
 .text.prvAddNewTaskToReadyList
                0x0800d344      0x11c ./Middlewares/Third_Party/FreeRTOS/Source/tasks.o
 .text.prvInitialiseNewTask.constprop.0
                0x0800d460       0xe8 ./Middlewares/Third_Party/FreeRTOS/Source/tasks.o
 .text.prvIdleTask
                0x0800d548       0x7c ./Middlewares/Third_Party/FreeRTOS/Source/tasks.o
 .text.xTaskIncrementTick.part.0
                0x0800d5c4      0x1ac ./Middlewares/Third_Party/FreeRTOS/Source/tasks.o
 .text.xTaskResumeAll.part.0
                0x0800d770      0x17c ./Middlewares/Third_Party/FreeRTOS/Source/tasks.o
 .text.xTaskCreateStatic
                0x0800d8ec       0x70 ./Middlewares/Third_Party/FreeRTOS/Source/tasks.o
                0x0800d8ec                xTaskCreateStatic
 .text.xTaskCreate
                0x0800d95c       0x60 ./Middlewares/Third_Party/FreeRTOS/Source/tasks.o
                0x0800d95c                xTaskCreate
 .text.vTaskDelay
                0x0800d9bc       0xb4 ./Middlewares/Third_Party/FreeRTOS/Source/tasks.o
                0x0800d9bc                vTaskDelay
 .text.vTaskStartScheduler
                0x0800da70       0xcc ./Middlewares/Third_Party/FreeRTOS/Source/tasks.o
                0x0800da70                vTaskStartScheduler
 .text.vTaskSuspendAll
                0x0800db3c       0x10 ./Middlewares/Third_Party/FreeRTOS/Source/tasks.o
                0x0800db3c                vTaskSuspendAll
 .text.xTaskResumeAll
                0x0800db4c       0x20 ./Middlewares/Third_Party/FreeRTOS/Source/tasks.o
                0x0800db4c                xTaskResumeAll
 .text.xTaskGetTickCount
                0x0800db6c        0xc ./Middlewares/Third_Party/FreeRTOS/Source/tasks.o
                0x0800db6c                xTaskGetTickCount
 .text.xTaskIncrementTick
                0x0800db78       0x20 ./Middlewares/Third_Party/FreeRTOS/Source/tasks.o
                0x0800db78                xTaskIncrementTick
 .text.vTaskSwitchContext
                0x0800db98       0x7c ./Middlewares/Third_Party/FreeRTOS/Source/tasks.o
                0x0800db98                vTaskSwitchContext
 .text.vTaskPlaceOnEventList
                0x0800dc14       0xa8 ./Middlewares/Third_Party/FreeRTOS/Source/tasks.o
                0x0800dc14                vTaskPlaceOnEventList
 .text.vTaskPlaceOnEventListRestricted
                0x0800dcbc      0x104 ./Middlewares/Third_Party/FreeRTOS/Source/tasks.o
                0x0800dcbc                vTaskPlaceOnEventListRestricted
 .text.xTaskRemoveFromEventList
                0x0800ddc0       0xd4 ./Middlewares/Third_Party/FreeRTOS/Source/tasks.o
                0x0800ddc0                xTaskRemoveFromEventList
 .text.vTaskInternalSetTimeOutState
                0x0800de94       0x18 ./Middlewares/Third_Party/FreeRTOS/Source/tasks.o
                0x0800de94                vTaskInternalSetTimeOutState
 .text.xTaskCheckForTimeOut
                0x0800deac       0x84 ./Middlewares/Third_Party/FreeRTOS/Source/tasks.o
                0x0800deac                xTaskCheckForTimeOut
 .text.vTaskMissedYield
                0x0800df30        0xc ./Middlewares/Third_Party/FreeRTOS/Source/tasks.o
                0x0800df30                vTaskMissedYield
 .text.xTaskGetSchedulerState
                0x0800df3c       0x20 ./Middlewares/Third_Party/FreeRTOS/Source/tasks.o
                0x0800df3c                xTaskGetSchedulerState
 .text.vApplicationGetTimerTaskMemory
                0x0800df5c       0x1c ./Middlewares/Third_Party/FreeRTOS/Source/tasks.o
                0x0800df5c                vApplicationGetTimerTaskMemory
 .text.prvTimerTask
                0x0800df78      0x328 ./Middlewares/Third_Party/FreeRTOS/Source/timers.o
 .text.xTimerCreateTimerTask
                0x0800e2a0       0xb0 ./Middlewares/Third_Party/FreeRTOS/Source/timers.o
                0x0800e2a0                xTimerCreateTimerTask
 .text.prvTaskExitError
                0x0800e350       0x2c ./Middlewares/Third_Party/FreeRTOS/Source/portable/GCC/ARM_CM33_NTZ/non_secure/port.o
 .text.vPortSetupTimerInterrupt
                0x0800e37c       0x30 ./Middlewares/Third_Party/FreeRTOS/Source/portable/GCC/ARM_CM33_NTZ/non_secure/port.o
                0x0800e37c                vPortSetupTimerInterrupt
 .text.vPortYield
                0x0800e3ac       0x18 ./Middlewares/Third_Party/FreeRTOS/Source/portable/GCC/ARM_CM33_NTZ/non_secure/port.o
                0x0800e3ac                vPortYield
 .text.vPortEnterCritical
                0x0800e3c4       0x1c ./Middlewares/Third_Party/FreeRTOS/Source/portable/GCC/ARM_CM33_NTZ/non_secure/port.o
                0x0800e3c4                vPortEnterCritical
 .text.vPortExitCritical
                0x0800e3e0       0x28 ./Middlewares/Third_Party/FreeRTOS/Source/portable/GCC/ARM_CM33_NTZ/non_secure/port.o
                0x0800e3e0                vPortExitCritical
 .text.xPortSysTickHandler
                0x0800e408       0x24 ./Middlewares/Third_Party/FreeRTOS/Source/portable/GCC/ARM_CM33_NTZ/non_secure/port.o
                0x0800e408                xPortSysTickHandler
 .text.vPortSVCHandler_C
                0x0800e42c       0x1c ./Middlewares/Third_Party/FreeRTOS/Source/portable/GCC/ARM_CM33_NTZ/non_secure/port.o
                0x0800e42c                vPortSVCHandler_C
 .text.pxPortInitialiseStack
                0x0800e448       0x78 ./Middlewares/Third_Party/FreeRTOS/Source/portable/GCC/ARM_CM33_NTZ/non_secure/port.o
                0x0800e448                pxPortInitialiseStack
 .text.xPortStartScheduler
                0x0800e4c0      0x100 ./Middlewares/Third_Party/FreeRTOS/Source/portable/GCC/ARM_CM33_NTZ/non_secure/port.o
                0x0800e4c0                xPortStartScheduler
 .text.vRestoreContextOfFirstTask
                0x0800e5c0       0x30 ./Middlewares/Third_Party/FreeRTOS/Source/portable/GCC/ARM_CM33_NTZ/non_secure/portasm.o
                0x0800e5c0                vRestoreContextOfFirstTask
 .text.vStartFirstTask
                0x0800e5f0       0x20 ./Middlewares/Third_Party/FreeRTOS/Source/portable/GCC/ARM_CM33_NTZ/non_secure/portasm.o
                0x0800e5f0                vStartFirstTask
 .text.ulSetInterruptMask
                0x0800e610       0x18 ./Middlewares/Third_Party/FreeRTOS/Source/portable/GCC/ARM_CM33_NTZ/non_secure/portasm.o
                0x0800e610                ulSetInterruptMask
 .text.vClearInterruptMask
                0x0800e628       0x10 ./Middlewares/Third_Party/FreeRTOS/Source/portable/GCC/ARM_CM33_NTZ/non_secure/portasm.o
                0x0800e628                vClearInterruptMask
 .text.PendSV_Handler
                0x0800e638       0x48 ./Middlewares/Third_Party/FreeRTOS/Source/portable/GCC/ARM_CM33_NTZ/non_secure/portasm.o
                0x0800e638                PendSV_Handler
 .text.SVC_Handler
                0x0800e680       0x18 ./Middlewares/Third_Party/FreeRTOS/Source/portable/GCC/ARM_CM33_NTZ/non_secure/portasm.o
                0x0800e680                SVC_Handler
 .text.pvPortMalloc
                0x0800e698      0x168 ./Middlewares/Third_Party/FreeRTOS/Source/portable/MemMang/heap_4.o
                0x0800e698                pvPortMalloc
 .text.vPortFree
                0x0800e800       0xe8 ./Middlewares/Third_Party/FreeRTOS/Source/portable/MemMang/heap_4.o
                0x0800e800                vPortFree
 .text.snprintf
                0x0800e8e8       0x6c /opt/st/stm32cubeide_1.18.1/plugins/com.st.stm32cube.ide.mcu.externaltools.gnu-tools-for-stm32.13.3.rel1.linux64_1.0.0.202410170706/tools/bin/../lib/gcc/arm-none-eabi/13.3.1/../../../../arm-none-eabi/lib/thumb/v8-m.main+fp/hard/libc_nano.a(libc_a-snprintf.o)
                0x0800e8e8                snprintf
                0x0800e8e8                sniprintf
 .text.memmove  0x0800e954       0x34 /opt/st/stm32cubeide_1.18.1/plugins/com.st.stm32cube.ide.mcu.externaltools.gnu-tools-for-stm32.13.3.rel1.linux64_1.0.0.202410170706/tools/bin/../lib/gcc/arm-none-eabi/13.3.1/../../../../arm-none-eabi/lib/thumb/v8-m.main+fp/hard/libc_nano.a(libc_a-memmove.o)
                0x0800e954                memmove
 .text.memset   0x0800e988       0x10 /opt/st/stm32cubeide_1.18.1/plugins/com.st.stm32cube.ide.mcu.externaltools.gnu-tools-for-stm32.13.3.rel1.linux64_1.0.0.202410170706/tools/bin/../lib/gcc/arm-none-eabi/13.3.1/../../../../arm-none-eabi/lib/thumb/v8-m.main+fp/hard/libc_nano.a(libc_a-memset.o)
                0x0800e988                memset
 .text.__errno  0x0800e998        0xc /opt/st/stm32cubeide_1.18.1/plugins/com.st.stm32cube.ide.mcu.externaltools.gnu-tools-for-stm32.13.3.rel1.linux64_1.0.0.202410170706/tools/bin/../lib/gcc/arm-none-eabi/13.3.1/../../../../arm-none-eabi/lib/thumb/v8-m.main+fp/hard/libc_nano.a(libc_a-errno.o)
                0x0800e998                __errno
 .text.__libc_init_array
                0x0800e9a4       0x48 /opt/st/stm32cubeide_1.18.1/plugins/com.st.stm32cube.ide.mcu.externaltools.gnu-tools-for-stm32.13.3.rel1.linux64_1.0.0.202410170706/tools/bin/../lib/gcc/arm-none-eabi/13.3.1/../../../../arm-none-eabi/lib/thumb/v8-m.main+fp/hard/libc_nano.a(libc_a-init.o)
                0x0800e9a4                __libc_init_array
 .text.__retarget_lock_acquire_recursive
                0x0800e9ec        0x2 /opt/st/stm32cubeide_1.18.1/plugins/com.st.stm32cube.ide.mcu.externaltools.gnu-tools-for-stm32.13.3.rel1.linux64_1.0.0.202410170706/tools/bin/../lib/gcc/arm-none-eabi/13.3.1/../../../../arm-none-eabi/lib/thumb/v8-m.main+fp/hard/libc_nano.a(libc_a-lock.o)
                0x0800e9ec                __retarget_lock_acquire_recursive
 .text.__retarget_lock_release_recursive
                0x0800e9ee        0x2 /opt/st/stm32cubeide_1.18.1/plugins/com.st.stm32cube.ide.mcu.externaltools.gnu-tools-for-stm32.13.3.rel1.linux64_1.0.0.202410170706/tools/bin/../lib/gcc/arm-none-eabi/13.3.1/../../../../arm-none-eabi/lib/thumb/v8-m.main+fp/hard/libc_nano.a(libc_a-lock.o)
                0x0800e9ee                __retarget_lock_release_recursive
 .text.memcpy   0x0800e9f0       0x1a /opt/st/stm32cubeide_1.18.1/plugins/com.st.stm32cube.ide.mcu.externaltools.gnu-tools-for-stm32.13.3.rel1.linux64_1.0.0.202410170706/tools/bin/../lib/gcc/arm-none-eabi/13.3.1/../../../../arm-none-eabi/lib/thumb/v8-m.main+fp/hard/libc_nano.a(libc_a-memcpy-stub.o)
                0x0800e9f0                memcpy
 *fill*         0x0800ea0a        0x2 
 .text._free_r  0x0800ea0c       0x94 /opt/st/stm32cubeide_1.18.1/plugins/com.st.stm32cube.ide.mcu.externaltools.gnu-tools-for-stm32.13.3.rel1.linux64_1.0.0.202410170706/tools/bin/../lib/gcc/arm-none-eabi/13.3.1/../../../../arm-none-eabi/lib/thumb/v8-m.main+fp/hard/libc_nano.a(libc_a-freer.o)
                0x0800ea0c                _free_r
 .text.sbrk_aligned
                0x0800eaa0       0x44 /opt/st/stm32cubeide_1.18.1/plugins/com.st.stm32cube.ide.mcu.externaltools.gnu-tools-for-stm32.13.3.rel1.linux64_1.0.0.202410170706/tools/bin/../lib/gcc/arm-none-eabi/13.3.1/../../../../arm-none-eabi/lib/thumb/v8-m.main+fp/hard/libc_nano.a(libc_a-mallocr.o)
 .text._malloc_r
                0x0800eae4      0x100 /opt/st/stm32cubeide_1.18.1/plugins/com.st.stm32cube.ide.mcu.externaltools.gnu-tools-for-stm32.13.3.rel1.linux64_1.0.0.202410170706/tools/bin/../lib/gcc/arm-none-eabi/13.3.1/../../../../arm-none-eabi/lib/thumb/v8-m.main+fp/hard/libc_nano.a(libc_a-mallocr.o)
                0x0800eae4                _malloc_r
 .text.__malloc_lock
                0x0800ebe4        0xc /opt/st/stm32cubeide_1.18.1/plugins/com.st.stm32cube.ide.mcu.externaltools.gnu-tools-for-stm32.13.3.rel1.linux64_1.0.0.202410170706/tools/bin/../lib/gcc/arm-none-eabi/13.3.1/../../../../arm-none-eabi/lib/thumb/v8-m.main+fp/hard/libc_nano.a(libc_a-mlock.o)
                0x0800ebe4                __malloc_lock
 .text.__malloc_unlock
                0x0800ebf0        0xc /opt/st/stm32cubeide_1.18.1/plugins/com.st.stm32cube.ide.mcu.externaltools.gnu-tools-for-stm32.13.3.rel1.linux64_1.0.0.202410170706/tools/bin/../lib/gcc/arm-none-eabi/13.3.1/../../../../arm-none-eabi/lib/thumb/v8-m.main+fp/hard/libc_nano.a(libc_a-mlock.o)
                0x0800ebf0                __malloc_unlock
 .text.__ssputs_r
                0x0800ebfc       0xb6 /opt/st/stm32cubeide_1.18.1/plugins/com.st.stm32cube.ide.mcu.externaltools.gnu-tools-for-stm32.13.3.rel1.linux64_1.0.0.202410170706/tools/bin/../lib/gcc/arm-none-eabi/13.3.1/../../../../arm-none-eabi/lib/thumb/v8-m.main+fp/hard/libc_nano.a(libc_a-nano-svfprintf.o)
                0x0800ebfc                __ssputs_r
 *fill*         0x0800ecb2        0x2 
 .text._svfprintf_r
                0x0800ecb4      0x1f8 /opt/st/stm32cubeide_1.18.1/plugins/com.st.stm32cube.ide.mcu.externaltools.gnu-tools-for-stm32.13.3.rel1.linux64_1.0.0.202410170706/tools/bin/../lib/gcc/arm-none-eabi/13.3.1/../../../../arm-none-eabi/lib/thumb/v8-m.main+fp/hard/libc_nano.a(libc_a-nano-svfprintf.o)
                0x0800ecb4                _svfprintf_r
                0x0800ecb4                _svfiprintf_r
 .text._printf_common
                0x0800eeac       0xe4 /opt/st/stm32cubeide_1.18.1/plugins/com.st.stm32cube.ide.mcu.externaltools.gnu-tools-for-stm32.13.3.rel1.linux64_1.0.0.202410170706/tools/bin/../lib/gcc/arm-none-eabi/13.3.1/../../../../arm-none-eabi/lib/thumb/v8-m.main+fp/hard/libc_nano.a(libc_a-nano-vfprintf_i.o)
                0x0800eeac                _printf_common
 .text._printf_i
                0x0800ef90      0x23c /opt/st/stm32cubeide_1.18.1/plugins/com.st.stm32cube.ide.mcu.externaltools.gnu-tools-for-stm32.13.3.rel1.linux64_1.0.0.202410170706/tools/bin/../lib/gcc/arm-none-eabi/13.3.1/../../../../arm-none-eabi/lib/thumb/v8-m.main+fp/hard/libc_nano.a(libc_a-nano-vfprintf_i.o)
                0x0800ef90                _printf_i
 .text._sbrk_r  0x0800f1cc       0x20 /opt/st/stm32cubeide_1.18.1/plugins/com.st.stm32cube.ide.mcu.externaltools.gnu-tools-for-stm32.13.3.rel1.linux64_1.0.0.202410170706/tools/bin/../lib/gcc/arm-none-eabi/13.3.1/../../../../arm-none-eabi/lib/thumb/v8-m.main+fp/hard/libc_nano.a(libc_a-sbrkr.o)
                0x0800f1cc                _sbrk_r
 .text.memchr   0x0800f1ec       0x1c /opt/st/stm32cubeide_1.18.1/plugins/com.st.stm32cube.ide.mcu.externaltools.gnu-tools-for-stm32.13.3.rel1.linux64_1.0.0.202410170706/tools/bin/../lib/gcc/arm-none-eabi/13.3.1/../../../../arm-none-eabi/lib/thumb/v8-m.main+fp/hard/libc_nano.a(libc_a-memchr-stub.o)
                0x0800f1ec                memchr
 .text._realloc_r
                0x0800f208       0x5c /opt/st/stm32cubeide_1.18.1/plugins/com.st.stm32cube.ide.mcu.externaltools.gnu-tools-for-stm32.13.3.rel1.linux64_1.0.0.202410170706/tools/bin/../lib/gcc/arm-none-eabi/13.3.1/../../../../arm-none-eabi/lib/thumb/v8-m.main+fp/hard/libc_nano.a(libc_a-reallocr.o)
                0x0800f208                _realloc_r
 .text._malloc_usable_size_r
                0x0800f264       0x10 /opt/st/stm32cubeide_1.18.1/plugins/com.st.stm32cube.ide.mcu.externaltools.gnu-tools-for-stm32.13.3.rel1.linux64_1.0.0.202410170706/tools/bin/../lib/gcc/arm-none-eabi/13.3.1/../../../../arm-none-eabi/lib/thumb/v8-m.main+fp/hard/libc_nano.a(libc_a-msizer.o)
                0x0800f264                _malloc_usable_size_r
 .text.atan2f   0x0800f274        0x4 /opt/st/stm32cubeide_1.18.1/plugins/com.st.stm32cube.ide.mcu.externaltools.gnu-tools-for-stm32.13.3.rel1.linux64_1.0.0.202410170706/tools/bin/../lib/gcc/arm-none-eabi/13.3.1/../../../../arm-none-eabi/lib/thumb/v8-m.main+fp/hard/libm.a(libm_a-wf_atan2.o)
                0x0800f274                atan2f
 .text.logf     0x0800f278       0x5c /opt/st/stm32cubeide_1.18.1/plugins/com.st.stm32cube.ide.mcu.externaltools.gnu-tools-for-stm32.13.3.rel1.linux64_1.0.0.202410170706/tools/bin/../lib/gcc/arm-none-eabi/13.3.1/../../../../arm-none-eabi/lib/thumb/v8-m.main+fp/hard/libm.a(libm_a-wf_log.o)
                0x0800f278                logf
 .text.nanf     0x0800f2d4        0xc /opt/st/stm32cubeide_1.18.1/plugins/com.st.stm32cube.ide.mcu.externaltools.gnu-tools-for-stm32.13.3.rel1.linux64_1.0.0.202410170706/tools/bin/../lib/gcc/arm-none-eabi/13.3.1/../../../../arm-none-eabi/lib/thumb/v8-m.main+fp/hard/libm.a(libm_a-sf_nan.o)
                0x0800f2d4                nanf
 .text.__ieee754_atan2f
                0x0800f2e0      0x13c /opt/st/stm32cubeide_1.18.1/plugins/com.st.stm32cube.ide.mcu.externaltools.gnu-tools-for-stm32.13.3.rel1.linux64_1.0.0.202410170706/tools/bin/../lib/gcc/arm-none-eabi/13.3.1/../../../../arm-none-eabi/lib/thumb/v8-m.main+fp/hard/libm.a(libm_a-ef_atan2.o)
                0x0800f2e0                __ieee754_atan2f
 .text.__ieee754_logf
                0x0800f41c      0x1e0 /opt/st/stm32cubeide_1.18.1/plugins/com.st.stm32cube.ide.mcu.externaltools.gnu-tools-for-stm32.13.3.rel1.linux64_1.0.0.202410170706/tools/bin/../lib/gcc/arm-none-eabi/13.3.1/../../../../arm-none-eabi/lib/thumb/v8-m.main+fp/hard/libm.a(libm_a-ef_log.o)
                0x0800f41c                __ieee754_logf
 .text.atanf    0x0800f5fc      0x1a8 /opt/st/stm32cubeide_1.18.1/plugins/com.st.stm32cube.ide.mcu.externaltools.gnu-tools-for-stm32.13.3.rel1.linux64_1.0.0.202410170706/tools/bin/../lib/gcc/arm-none-eabi/13.3.1/../../../../arm-none-eabi/lib/thumb/v8-m.main+fp/hard/libm.a(libm_a-sf_atan.o)
                0x0800f5fc                atanf
 .text.fabsf    0x0800f7a4        0xe /opt/st/stm32cubeide_1.18.1/plugins/com.st.stm32cube.ide.mcu.externaltools.gnu-tools-for-stm32.13.3.rel1.linux64_1.0.0.202410170706/tools/bin/../lib/gcc/arm-none-eabi/13.3.1/../../../../arm-none-eabi/lib/thumb/v8-m.main+fp/hard/libm.a(libm_a-sf_fabs.o)
                0x0800f7a4                fabsf
 *(.glue_7)
 .glue_7        0x0800f7b2        0x0 linker stubs
 *(.glue_7t)
 .glue_7t       0x0800f7b2        0x0 linker stubs
 *(.eh_frame)
 *fill*         0x0800f7b2        0x2 
 .eh_frame      0x0800f7b4        0x0 /opt/st/stm32cubeide_1.18.1/plugins/com.st.stm32cube.ide.mcu.externaltools.gnu-tools-for-stm32.13.3.rel1.linux64_1.0.0.202410170706/tools/bin/../lib/gcc/arm-none-eabi/13.3.1/thumb/v8-m.main+fp/hard/crtbegin.o
 *(.init)
 .init          0x0800f7b4        0x4 /opt/st/stm32cubeide_1.18.1/plugins/com.st.stm32cube.ide.mcu.externaltools.gnu-tools-for-stm32.13.3.rel1.linux64_1.0.0.202410170706/tools/bin/../lib/gcc/arm-none-eabi/13.3.1/thumb/v8-m.main+fp/hard/crti.o
                0x0800f7b4                _init
 .init          0x0800f7b8        0x8 /opt/st/stm32cubeide_1.18.1/plugins/com.st.stm32cube.ide.mcu.externaltools.gnu-tools-for-stm32.13.3.rel1.linux64_1.0.0.202410170706/tools/bin/../lib/gcc/arm-none-eabi/13.3.1/thumb/v8-m.main+fp/hard/crtn.o
 *(.fini)
 .fini          0x0800f7c0        0x4 /opt/st/stm32cubeide_1.18.1/plugins/com.st.stm32cube.ide.mcu.externaltools.gnu-tools-for-stm32.13.3.rel1.linux64_1.0.0.202410170706/tools/bin/../lib/gcc/arm-none-eabi/13.3.1/thumb/v8-m.main+fp/hard/crti.o
                0x0800f7c0                _fini
 .fini          0x0800f7c4        0x8 /opt/st/stm32cubeide_1.18.1/plugins/com.st.stm32cube.ide.mcu.externaltools.gnu-tools-for-stm32.13.3.rel1.linux64_1.0.0.202410170706/tools/bin/../lib/gcc/arm-none-eabi/13.3.1/thumb/v8-m.main+fp/hard/crtn.o
                0x0800f7cc                        . = ALIGN (0x4)
                0x0800f7cc                        _etext = .

.vfp11_veneer   0x0800f7cc        0x0
 .vfp11_veneer  0x0800f7cc        0x0 linker stubs

.v4_bx          0x0800f7cc        0x0
 .v4_bx         0x0800f7cc        0x0 linker stubs

.iplt           0x0800f7cc        0x0
 .iplt          0x0800f7cc        0x0 /opt/st/stm32cubeide_1.18.1/plugins/com.st.stm32cube.ide.mcu.externaltools.gnu-tools-for-stm32.13.3.rel1.linux64_1.0.0.202410170706/tools/bin/../lib/gcc/arm-none-eabi/13.3.1/thumb/v8-m.main+fp/hard/crtbegin.o

.rodata         0x0800f7cc     0x16e8
                0x0800f7cc                        . = ALIGN (0x4)
 *(.rodata)
 *(.rodata*)
 .rodata.StartTask02.str1.4
                0x0800f7cc      0x464 ./Core/Src/app_freertos.o
                                0x291 (size before relaxing)
 .rodata.relmsg.4
                0x0800fc30       0x11 ./Core/Src/app_freertos.o
 *fill*         0x0800fc41        0x3 
 .rodata.omsg.5
                0x0800fc44       0x13 ./Core/Src/app_freertos.o
 .rodata.str1.4
                0x0800fc57       0x2c ./Core/Src/app_freertos.o
 *fill*         0x0800fc57        0x1 
 .rodata.SpeedObserveTask_attributes
                0x0800fc58       0x24 ./Core/Src/app_freertos.o
                0x0800fc58                SpeedObserveTask_attributes
 .rodata.UartTXTask_attributes
                0x0800fc7c       0x24 ./Core/Src/app_freertos.o
                0x0800fc7c                UartTXTask_attributes
 .rodata.defaultTask_attributes
                0x0800fca0       0x24 ./Core/Src/app_freertos.o
                0x0800fca0                defaultTask_attributes
 .rodata.DRV8320S_BringupTest.str1.4
                0x0800fcc4       0xba ./Core/Src/drv8320s.o
 .rodata.FOC_ZeroAlign.str1.4
                0x0800fcc4       0x33 ./Core/Src/foc.o
 .rodata.FOC_StaticVectorProbe.str1.4
                0x0800fcc4       0x2d ./Core/Src/foc.o
 .rodata.v.0    0x0800fcc4       0x48 ./Core/Src/foc.o
 .rodata.K_to_sector.1
                0x0800fd0c       0x20 ./Core/Src/foc.o
 .rodata.sin_table
                0x0800fd2c     0x1000 ./Core/Src/foc.o
 .rodata.main.str1.4
                0x08010d2c       0x70 ./Core/Src/main.o
 .rodata.msg.0  0x08010d2c       0x15 ./Core/Src/main.o
 *fill*         0x08010d41        0x3 
 .rodata.banner.1
                0x08010d44       0xc0 ./Core/Src/main.o
 .rodata.APBPrescTable
                0x08010e04        0x8 ./Core/Src/system_stm32h5xx.o
                0x08010e04                APBPrescTable
 .rodata.AHBPrescTable
                0x08010e0c       0x10 ./Core/Src/system_stm32h5xx.o
                0x08010e0c                AHBPrescTable
 .rodata.UARTPrescTable
                0x08010e1c       0x18 ./Drivers/STM32H5xx_HAL_Driver/Src/stm32h5xx_hal_uart.o
                0x08010e1c                UARTPrescTable
 .rodata.denominator.0
                0x08010e34        0x8 ./Drivers/STM32H5xx_HAL_Driver/Src/stm32h5xx_hal_uart_ex.o
 .rodata.numerator.1
                0x08010e3c        0x8 ./Drivers/STM32H5xx_HAL_Driver/Src/stm32h5xx_hal_uart_ex.o
 .rodata.uxTopUsedPriority
                0x08010e44        0x4 ./Middlewares/Third_Party/FreeRTOS/Source/tasks.o
 .rodata.xTimerCreateTimerTask.str1.4
                0x08010e48       0x10 ./Middlewares/Third_Party/FreeRTOS/Source/timers.o
 .rodata._svfprintf_r.str1.1
                0x08010e48       0x33 /opt/st/stm32cubeide_1.18.1/plugins/com.st.stm32cube.ide.mcu.externaltools.gnu-tools-for-stm32.13.3.rel1.linux64_1.0.0.202410170706/tools/bin/../lib/gcc/arm-none-eabi/13.3.1/../../../../arm-none-eabi/lib/thumb/v8-m.main+fp/hard/libc_nano.a(libc_a-nano-svfprintf.o)
                                 0x11 (size before relaxing)
 .rodata._printf_i.str1.1
                0x08010e7b       0x22 /opt/st/stm32cubeide_1.18.1/plugins/com.st.stm32cube.ide.mcu.externaltools.gnu-tools-for-stm32.13.3.rel1.linux64_1.0.0.202410170706/tools/bin/../lib/gcc/arm-none-eabi/13.3.1/../../../../arm-none-eabi/lib/thumb/v8-m.main+fp/hard/libc_nano.a(libc_a-nano-vfprintf_i.o)
 .rodata.logf.str1.1
                0x08010e7b        0x1 /opt/st/stm32cubeide_1.18.1/plugins/com.st.stm32cube.ide.mcu.externaltools.gnu-tools-for-stm32.13.3.rel1.linux64_1.0.0.202410170706/tools/bin/../lib/gcc/arm-none-eabi/13.3.1/../../../../arm-none-eabi/lib/thumb/v8-m.main+fp/hard/libm.a(libm_a-wf_log.o)
 *fill*         0x08010e7b        0x1 
 .rodata.CSWTCH.9
                0x08010e7c        0xc /opt/st/stm32cubeide_1.18.1/plugins/com.st.stm32cube.ide.mcu.externaltools.gnu-tools-for-stm32.13.3.rel1.linux64_1.0.0.202410170706/tools/bin/../lib/gcc/arm-none-eabi/13.3.1/../../../../arm-none-eabi/lib/thumb/v8-m.main+fp/hard/libm.a(libm_a-ef_atan2.o)
 .rodata.CSWTCH.8
                0x08010e88        0xc /opt/st/stm32cubeide_1.18.1/plugins/com.st.stm32cube.ide.mcu.externaltools.gnu-tools-for-stm32.13.3.rel1.linux64_1.0.0.202410170706/tools/bin/../lib/gcc/arm-none-eabi/13.3.1/../../../../arm-none-eabi/lib/thumb/v8-m.main+fp/hard/libm.a(libm_a-ef_atan2.o)
 .rodata.atanlo
                0x08010e94       0x10 /opt/st/stm32cubeide_1.18.1/plugins/com.st.stm32cube.ide.mcu.externaltools.gnu-tools-for-stm32.13.3.rel1.linux64_1.0.0.202410170706/tools/bin/../lib/gcc/arm-none-eabi/13.3.1/../../../../arm-none-eabi/lib/thumb/v8-m.main+fp/hard/libm.a(libm_a-sf_atan.o)
 .rodata.atanhi
                0x08010ea4       0x10 /opt/st/stm32cubeide_1.18.1/plugins/com.st.stm32cube.ide.mcu.externaltools.gnu-tools-for-stm32.13.3.rel1.linux64_1.0.0.202410170706/tools/bin/../lib/gcc/arm-none-eabi/13.3.1/../../../../arm-none-eabi/lib/thumb/v8-m.main+fp/hard/libm.a(libm_a-sf_atan.o)
                0x08010eb4                        . = ALIGN (0x4)

.ARM.extab      0x08010eb4        0x0
                0x08010eb4                        . = ALIGN (0x4)
 *(.ARM.extab* .gnu.linkonce.armextab.*)
                0x08010eb4                        . = ALIGN (0x4)

.ARM            0x08010eb4        0x8
                0x08010eb4                        . = ALIGN (0x4)
                0x08010eb4                        __exidx_start = .
 *(.ARM.exidx*)
 .ARM.exidx     0x08010eb4        0x8 /opt/st/stm32cubeide_1.18.1/plugins/com.st.stm32cube.ide.mcu.externaltools.gnu-tools-for-stm32.13.3.rel1.linux64_1.0.0.202410170706/tools/bin/../lib/gcc/arm-none-eabi/13.3.1/thumb/v8-m.main+fp/hard/libgcc.a(_udivmoddi4.o)
                0x08010ebc                        __exidx_end = .
                0x08010ebc                        . = ALIGN (0x4)

.preinit_array  0x08010ebc        0x0
                0x08010ebc                        . = ALIGN (0x4)
                0x08010ebc                        PROVIDE (__preinit_array_start = .)
 *(.preinit_array*)
                0x08010ebc                        PROVIDE (__preinit_array_end = .)
                0x08010ebc                        . = ALIGN (0x4)

.init_array     0x08010ebc        0x4
                0x08010ebc                        . = ALIGN (0x4)
                0x08010ebc                        PROVIDE (__init_array_start = .)
 *(SORT_BY_NAME(.init_array.*))
 *(.init_array*)
 .init_array    0x08010ebc        0x4 /opt/st/stm32cubeide_1.18.1/plugins/com.st.stm32cube.ide.mcu.externaltools.gnu-tools-for-stm32.13.3.rel1.linux64_1.0.0.202410170706/tools/bin/../lib/gcc/arm-none-eabi/13.3.1/thumb/v8-m.main+fp/hard/crtbegin.o
                0x08010ec0                        PROVIDE (__init_array_end = .)
                0x08010ec0                        . = ALIGN (0x4)

.fini_array     0x08010ec0        0x4
                0x08010ec0                        . = ALIGN (0x4)
                [!provide]                        PROVIDE (__fini_array_start = .)
 *(SORT_BY_NAME(.fini_array.*))
 *(.fini_array*)
 .fini_array    0x08010ec0        0x4 /opt/st/stm32cubeide_1.18.1/plugins/com.st.stm32cube.ide.mcu.externaltools.gnu-tools-for-stm32.13.3.rel1.linux64_1.0.0.202410170706/tools/bin/../lib/gcc/arm-none-eabi/13.3.1/thumb/v8-m.main+fp/hard/crtbegin.o
                [!provide]                        PROVIDE (__fini_array_end = .)
                0x08010ec4                        . = ALIGN (0x4)
                0x08010ec4                        _sidata = LOADADDR (.data)

.rel.dyn        0x08010ec4        0x0
 .rel.iplt      0x08010ec4        0x0 /opt/st/stm32cubeide_1.18.1/plugins/com.st.stm32cube.ide.mcu.externaltools.gnu-tools-for-stm32.13.3.rel1.linux64_1.0.0.202410170706/tools/bin/../lib/gcc/arm-none-eabi/13.3.1/thumb/v8-m.main+fp/hard/crtbegin.o

.data           0x20000000       0x60 load address 0x08010ec4
                0x20000000                        . = ALIGN (0x4)
                0x20000000                        _sdata = .
 *(.data)
 *(.data*)
 .data.SystemCoreClock
                0x20000000        0x4 ./Core/Src/system_stm32h5xx.o
                0x20000000                SystemCoreClock
 .data.uwTickFreq
                0x20000004        0x1 ./Drivers/STM32H5xx_HAL_Driver/Src/stm32h5xx_hal.o
                0x20000004                uwTickFreq
 *fill*         0x20000005        0x3 
 .data.uwTickPrio
                0x20000008        0x4 ./Drivers/STM32H5xx_HAL_Driver/Src/stm32h5xx_hal.o
                0x20000008                uwTickPrio
 .data.ulCriticalNesting
                0x2000000c        0x4 ./Middlewares/Third_Party/FreeRTOS/Source/portable/GCC/ARM_CM33_NTZ/non_secure/port.o
 .data._impure_ptr
                0x20000010        0x4 /opt/st/stm32cubeide_1.18.1/plugins/com.st.stm32cube.ide.mcu.externaltools.gnu-tools-for-stm32.13.3.rel1.linux64_1.0.0.202410170706/tools/bin/../lib/gcc/arm-none-eabi/13.3.1/../../../../arm-none-eabi/lib/thumb/v8-m.main+fp/hard/libc_nano.a(libc_a-impure.o)
                0x20000010                _impure_ptr
 .data._impure_data
                0x20000014       0x4c /opt/st/stm32cubeide_1.18.1/plugins/com.st.stm32cube.ide.mcu.externaltools.gnu-tools-for-stm32.13.3.rel1.linux64_1.0.0.202410170706/tools/bin/../lib/gcc/arm-none-eabi/13.3.1/../../../../arm-none-eabi/lib/thumb/v8-m.main+fp/hard/libc_nano.a(libc_a-impure.o)
                0x20000014                _impure_data
 *(.RamFunc)
 *(.RamFunc*)
                0x20000060                        . = ALIGN (0x4)
                0x20000060                        _edata = .

.igot.plt       0x20000060        0x0 load address 0x08010f24
 .igot.plt      0x20000060        0x0 /opt/st/stm32cubeide_1.18.1/plugins/com.st.stm32cube.ide.mcu.externaltools.gnu-tools-for-stm32.13.3.rel1.linux64_1.0.0.202410170706/tools/bin/../lib/gcc/arm-none-eabi/13.3.1/thumb/v8-m.main+fp/hard/crtbegin.o
                0x20000060                        . = ALIGN (0x4)

.bss            0x20000060     0x5298 load address 0x08010f24
                0x20000060                        _sbss = .
                0x20000060                        __bss_start__ = _sbss
 *(.bss)
 .bss           0x20000060       0x1c /opt/st/stm32cubeide_1.18.1/plugins/com.st.stm32cube.ide.mcu.externaltools.gnu-tools-for-stm32.13.3.rel1.linux64_1.0.0.202410170706/tools/bin/../lib/gcc/arm-none-eabi/13.3.1/thumb/v8-m.main+fp/hard/crtbegin.o
 *(.bss*)
 .bss.HAL_RCC_ADC_CLK_ENABLED
                0x2000007c        0x4 ./Core/Src/adc.o
 .bss.handle_GPDMA1_Channel0
                0x20000080       0x78 ./Core/Src/adc.o
                0x20000080                handle_GPDMA1_Channel0
 .bss.hadc2     0x200000f8       0x68 ./Core/Src/adc.o
                0x200000f8                hadc2
 .bss.hadc1     0x20000160       0x68 ./Core/Src/adc.o
                0x20000160                hadc1
 .bss.ntc_pos.0
                0x200001c8        0x1 ./Core/Src/app_freertos.o
 *fill*         0x200001c9        0x3 
 .bss.ntc_hist.1
                0x200001cc        0x6 ./Core/Src/app_freertos.o
 .bss.ntc_primed.2
                0x200001d2        0x1 ./Core/Src/app_freertos.o
 *fill*         0x200001d3        0x1 
 .bss.vbus_ema.3
                0x200001d4        0x4 ./Core/Src/app_freertos.o
 .bss.SpeedObserveTaskHandle
                0x200001d8        0x4 ./Core/Src/app_freertos.o
                0x200001d8                SpeedObserveTaskHandle
 .bss.UartTXTaskHandle
                0x200001dc        0x4 ./Core/Src/app_freertos.o
                0x200001dc                UartTXTaskHandle
 .bss.defaultTaskHandle
                0x200001e0        0x4 ./Core/Src/app_freertos.o
                0x200001e0                defaultTaskHandle
 .bss.adc2_pwr  0x200001e4        0x2 ./Core/Src/app_freertos.o
 .bss.adc2_ntc  0x200001e6        0x2 ./Core/Src/app_freertos.o
 .bss.grav_amp  0x200001e8        0x4 ./Core/Src/foc.o
                0x200001e8                grav_amp
 .bss.grav_on   0x200001ec        0x1 ./Core/Src/foc.o
                0x200001ec                grav_on
 *fill*         0x200001ed        0x3 
 .bss.total_cnt
                0x200001f0        0x4 ./Core/Src/foc.o
                0x200001f0                total_cnt
 .bss.pos_target
                0x200001f4        0x4 ./Core/Src/foc.o
                0x200001f4                pos_target
 .bss.pos_mode  0x200001f8        0x1 ./Core/Src/foc.o
                0x200001f8                pos_mode
 *fill*         0x200001f9        0x3 
 .bss.shadow_speed
                0x200001fc        0x4 ./Core/Src/foc.o
                0x200001fc                shadow_speed
 .bss.speed_target
                0x20000200        0x4 ./Core/Src/foc.o
                0x20000200                speed_target
 .bss.speed_mode
                0x20000204        0x1 ./Core/Src/foc.o
                0x20000204                speed_mode
 *fill*         0x20000205        0x3 
 .bss.shadow_elec_revs
                0x20000208        0x4 ./Core/Src/foc.o
                0x20000208                shadow_elec_revs
 .bss.elec_accum
                0x2000020c        0x4 ./Core/Src/foc.o
 .bss.shadow_cnt
                0x20000210        0x2 ./Core/Src/foc.o
                0x20000210                shadow_cnt
 *fill*         0x20000212        0x2 
 .bss.shadow_boot_ang
                0x20000214        0x4 ./Core/Src/foc.o
                0x20000214                shadow_boot_ang
 .bss.shadow_theta16
                0x20000218        0x2 ./Core/Src/foc.o
                0x20000218                shadow_theta16
 *fill*         0x2000021a        0x2 
 .bss.shadow_dw
                0x2000021c        0x4 ./Core/Src/foc.o
                0x2000021c                shadow_dw
 .bss.shadow_dv
                0x20000220        0x4 ./Core/Src/foc.o
                0x20000220                shadow_dv
 .bss.shadow_du
                0x20000224        0x4 ./Core/Src/foc.o
                0x20000224                shadow_du
 .bss.shadow_uq
                0x20000228        0x4 ./Core/Src/foc.o
                0x20000228                shadow_uq
 .bss.shadow_iq
                0x2000022c        0x4 ./Core/Src/foc.o
                0x2000022c                shadow_iq
 .bss.shadow_id
                0x20000230        0x4 ./Core/Src/foc.o
                0x20000230                shadow_id
 .bss.shadow_iq_ref
                0x20000234        0x4 ./Core/Src/foc.o
                0x20000234                shadow_iq_ref
 .bss.g_foc     0x20000238       0xd4 ./Core/Src/foc.o
                0x20000238                g_foc
 .bss.foc_dt_n  0x2000030c        0x4 ./Core/Src/main.o
                0x2000030c                foc_dt_n
 .bss.foc_dt_sum
                0x20000310        0x8 ./Core/Src/main.o
                0x20000310                foc_dt_sum
 .bss.foc_dt_max
                0x20000318        0x4 ./Core/Src/main.o
                0x20000318                foc_dt_max
 .bss.foc_dt_last
                0x2000031c        0x4 ./Core/Src/main.o
                0x2000031c                foc_dt_last
 .bss.uart_cmd_ready
                0x20000320        0x1 ./Core/Src/main.o
                0x20000320                uart_cmd_ready
 .bss.uart_cmd_idx
                0x20000321        0x1 ./Core/Src/main.o
                0x20000321                uart_cmd_idx
 *fill*         0x20000322        0x2 
 .bss.uart_cmd_buf
                0x20000324       0x20 ./Core/Src/main.o
                0x20000324                uart_cmd_buf
 .bss.uart_rx_byte
                0x20000344        0x1 ./Core/Src/main.o
                0x20000344                uart_rx_byte
 .bss.foc_run   0x20000345        0x1 ./Core/Src/main.o
                0x20000345                foc_run
 *fill*         0x20000346        0x2 
 .bss.cal_sum   0x20000348        0xc ./Core/Src/main.o
                0x20000348                cal_sum
 .bss.cal_n     0x20000354        0x2 ./Core/Src/main.o
                0x20000354                cal_n
 .bss.adc_cal_state
                0x20000356        0x1 ./Core/Src/main.o
                0x20000356                adc_cal_state
 *fill*         0x20000357        0x1 
 .bss.adc_scan_cnt
                0x20000358        0x4 ./Core/Src/main.o
                0x20000358                adc_scan_cnt
 .bss.adc_buf   0x2000035c        0x6 ./Core/Src/main.o
                0x2000035c                adc_buf
 *fill*         0x20000362        0x6 
 .bss.hspi2     0x20000368       0x90 ./Core/Src/spi.o
                0x20000368                hspi2
 .bss.hspi1     0x200003f8       0x90 ./Core/Src/spi.o
                0x200003f8                hspi1
 .bss.htim7     0x20000488       0x4c ./Core/Src/stm32h5xx_hal_timebase_tim.o
                0x20000488                htim7
 .bss.__sbrk_heap_end
                0x200004d4        0x4 ./Core/Src/sysmem.o
 .bss.htim3     0x200004d8       0x4c ./Core/Src/tim.o
                0x200004d8                htim3
 *fill*         0x20000524        0x4 
 .bss.htim2     0x20000528       0x4c ./Core/Src/tim.o
                0x20000528                htim2
 *fill*         0x20000574        0x4 
 .bss.htim1     0x20000578       0x4c ./Core/Src/tim.o
                0x20000578                htim1
 *fill*         0x200005c4        0x4 
 .bss.huart1    0x200005c8       0x94 ./Core/Src/usart.o
                0x200005c8                huart1
 .bss.uwTick    0x2000065c        0x4 ./Drivers/STM32H5xx_HAL_Driver/Src/stm32h5xx_hal.o
                0x2000065c                uwTick
 .bss.KernelState
                0x20000660        0x4 ./Middlewares/Third_Party/FreeRTOS/Source/CMSIS_RTOS_V2/cmsis_os2.o
 *fill*         0x20000664        0x4 
 .bss.xQueueRegistry
                0x20000668       0x40 ./Middlewares/Third_Party/FreeRTOS/Source/queue.o
                0x20000668                xQueueRegistry
 .bss.uxTimerTaskStack.0
                0x200006a8      0x200 ./Middlewares/Third_Party/FreeRTOS/Source/tasks.o
 .bss.xTimerTaskTCB.1
                0x200008a8       0x5c ./Middlewares/Third_Party/FreeRTOS/Source/tasks.o
 .bss.uxIdleTaskStack.2
                0x20000904      0x200 ./Middlewares/Third_Party/FreeRTOS/Source/tasks.o
 .bss.xIdleTaskTCB.3
                0x20000b04       0x5c ./Middlewares/Third_Party/FreeRTOS/Source/tasks.o
 .bss.uxSchedulerSuspended
                0x20000b60        0x4 ./Middlewares/Third_Party/FreeRTOS/Source/tasks.o
 .bss.xIdleTaskHandles
                0x20000b64        0x4 ./Middlewares/Third_Party/FreeRTOS/Source/tasks.o
 .bss.xNextTaskUnblockTime
                0x20000b68        0x4 ./Middlewares/Third_Party/FreeRTOS/Source/tasks.o
 .bss.uxTaskNumber
                0x20000b6c        0x4 ./Middlewares/Third_Party/FreeRTOS/Source/tasks.o
 .bss.xNumOfOverflows
                0x20000b70        0x4 ./Middlewares/Third_Party/FreeRTOS/Source/tasks.o
 .bss.xYieldPendings
                0x20000b74        0x4 ./Middlewares/Third_Party/FreeRTOS/Source/tasks.o
 .bss.xPendedTicks
                0x20000b78        0x4 ./Middlewares/Third_Party/FreeRTOS/Source/tasks.o
 .bss.xSchedulerRunning
                0x20000b7c        0x4 ./Middlewares/Third_Party/FreeRTOS/Source/tasks.o
 .bss.uxTopReadyPriority
                0x20000b80        0x4 ./Middlewares/Third_Party/FreeRTOS/Source/tasks.o
 .bss.xTickCount
                0x20000b84        0x4 ./Middlewares/Third_Party/FreeRTOS/Source/tasks.o
 .bss.uxCurrentNumberOfTasks
                0x20000b88        0x4 ./Middlewares/Third_Party/FreeRTOS/Source/tasks.o
 .bss.xSuspendedTaskList
                0x20000b8c       0x14 ./Middlewares/Third_Party/FreeRTOS/Source/tasks.o
 .bss.uxDeletedTasksWaitingCleanUp
                0x20000ba0        0x4 ./Middlewares/Third_Party/FreeRTOS/Source/tasks.o
 .bss.xTasksWaitingTermination
                0x20000ba4       0x14 ./Middlewares/Third_Party/FreeRTOS/Source/tasks.o
 .bss.xPendingReadyList
                0x20000bb8       0x14 ./Middlewares/Third_Party/FreeRTOS/Source/tasks.o
 .bss.pxOverflowDelayedTaskList
                0x20000bcc        0x4 ./Middlewares/Third_Party/FreeRTOS/Source/tasks.o
 .bss.pxDelayedTaskList
                0x20000bd0        0x4 ./Middlewares/Third_Party/FreeRTOS/Source/tasks.o
 .bss.xDelayedTaskList2
                0x20000bd4       0x14 ./Middlewares/Third_Party/FreeRTOS/Source/tasks.o
 .bss.xDelayedTaskList1
                0x20000be8       0x14 ./Middlewares/Third_Party/FreeRTOS/Source/tasks.o
 .bss.pxReadyTasksLists
                0x20000bfc      0x460 ./Middlewares/Third_Party/FreeRTOS/Source/tasks.o
 .bss.pxCurrentTCB
                0x2000105c        0x4 ./Middlewares/Third_Party/FreeRTOS/Source/tasks.o
                0x2000105c                pxCurrentTCB
 .bss.xStaticTimerQueue.0
                0x20001060       0x50 ./Middlewares/Third_Party/FreeRTOS/Source/timers.o
 .bss.ucStaticTimerQueueStorage.1
                0x200010b0       0xa0 ./Middlewares/Third_Party/FreeRTOS/Source/timers.o
 .bss.xLastTime.2
                0x20001150        0x4 ./Middlewares/Third_Party/FreeRTOS/Source/timers.o
 .bss.xTimerTaskHandle
                0x20001154        0x4 ./Middlewares/Third_Party/FreeRTOS/Source/timers.o
 .bss.xTimerQueue
                0x20001158        0x4 ./Middlewares/Third_Party/FreeRTOS/Source/timers.o
 .bss.pxOverflowTimerList
                0x2000115c        0x4 ./Middlewares/Third_Party/FreeRTOS/Source/timers.o
 .bss.pxCurrentTimerList
                0x20001160        0x4 ./Middlewares/Third_Party/FreeRTOS/Source/timers.o
 .bss.xActiveTimerList2
                0x20001164       0x14 ./Middlewares/Third_Party/FreeRTOS/Source/timers.o
 .bss.xActiveTimerList1
                0x20001178       0x14 ./Middlewares/Third_Party/FreeRTOS/Source/timers.o
 .bss.ulMaxPRIGROUPValue
                0x2000118c        0x4 ./Middlewares/Third_Party/FreeRTOS/Source/portable/GCC/ARM_CM33_NTZ/non_secure/port.o
 .bss.ucMaxSysCallPriority
                0x20001190        0x1 ./Middlewares/Third_Party/FreeRTOS/Source/portable/GCC/ARM_CM33_NTZ/non_secure/port.o
 *fill*         0x20001191        0x3 
 .bss.xNumberOfSuccessfulFrees
                0x20001194        0x4 ./Middlewares/Third_Party/FreeRTOS/Source/portable/MemMang/heap_4.o
 .bss.xNumberOfSuccessfulAllocations
                0x20001198        0x4 ./Middlewares/Third_Party/FreeRTOS/Source/portable/MemMang/heap_4.o
 .bss.xMinimumEverFreeBytesRemaining
                0x2000119c        0x4 ./Middlewares/Third_Party/FreeRTOS/Source/portable/MemMang/heap_4.o
 .bss.xFreeBytesRemaining
                0x200011a0        0x4 ./Middlewares/Third_Party/FreeRTOS/Source/portable/MemMang/heap_4.o
 .bss.pxEnd     0x200011a4        0x4 ./Middlewares/Third_Party/FreeRTOS/Source/portable/MemMang/heap_4.o
 .bss.xStart    0x200011a8        0x8 ./Middlewares/Third_Party/FreeRTOS/Source/portable/MemMang/heap_4.o
 .bss.ucHeap    0x200011b0     0x4000 ./Middlewares/Third_Party/FreeRTOS/Source/portable/MemMang/heap_4.o
 .bss.__sf      0x200051b0      0x138 /opt/st/stm32cubeide_1.18.1/plugins/com.st.stm32cube.ide.mcu.externaltools.gnu-tools-for-stm32.13.3.rel1.linux64_1.0.0.202410170706/tools/bin/../lib/gcc/arm-none-eabi/13.3.1/../../../../arm-none-eabi/lib/thumb/v8-m.main+fp/hard/libc_nano.a(libc_a-findfp.o)
                0x200051b0                __sf
 .bss.errno     0x200052e8        0x4 /opt/st/stm32cubeide_1.18.1/plugins/com.st.stm32cube.ide.mcu.externaltools.gnu-tools-for-stm32.13.3.rel1.linux64_1.0.0.202410170706/tools/bin/../lib/gcc/arm-none-eabi/13.3.1/../../../../arm-none-eabi/lib/thumb/v8-m.main+fp/hard/libc_nano.a(libc_a-reent.o)
                0x200052e8                errno
 .bss.__lock___malloc_recursive_mutex
                0x200052ec        0x1 /opt/st/stm32cubeide_1.18.1/plugins/com.st.stm32cube.ide.mcu.externaltools.gnu-tools-for-stm32.13.3.rel1.linux64_1.0.0.202410170706/tools/bin/../lib/gcc/arm-none-eabi/13.3.1/../../../../arm-none-eabi/lib/thumb/v8-m.main+fp/hard/libc_nano.a(libc_a-lock.o)
                0x200052ec                __lock___malloc_recursive_mutex
 *fill*         0x200052ed        0x3 
 .bss.__malloc_sbrk_start
                0x200052f0        0x4 /opt/st/stm32cubeide_1.18.1/plugins/com.st.stm32cube.ide.mcu.externaltools.gnu-tools-for-stm32.13.3.rel1.linux64_1.0.0.202410170706/tools/bin/../lib/gcc/arm-none-eabi/13.3.1/../../../../arm-none-eabi/lib/thumb/v8-m.main+fp/hard/libc_nano.a(libc_a-mallocr.o)
                0x200052f0                __malloc_sbrk_start
 .bss.__malloc_free_list
                0x200052f4        0x4 /opt/st/stm32cubeide_1.18.1/plugins/com.st.stm32cube.ide.mcu.externaltools.gnu-tools-for-stm32.13.3.rel1.linux64_1.0.0.202410170706/tools/bin/../lib/gcc/arm-none-eabi/13.3.1/../../../../arm-none-eabi/lib/thumb/v8-m.main+fp/hard/libc_nano.a(libc_a-mallocr.o)
                0x200052f4                __malloc_free_list
 *(COMMON)
                0x200052f8                        . = ALIGN (0x4)
                0x200052f8                        _ebss = .
                0x200052f8                        __bss_end__ = _ebss

._user_heap_stack
                0x200052f8      0x600 load address 0x08010f24
                0x200052f8                        . = ALIGN (0x8)
                [!provide]                        PROVIDE (end = .)
                0x200052f8                        PROVIDE (_end = .)
                0x200054f8                        . = (. + _Min_Heap_Size)
 *fill*         0x200052f8      0x200 
                0x200058f8                        . = (. + _Min_Stack_Size)
 *fill*         0x200054f8      0x400 
                0x200058f8                        . = ALIGN (0x8)

/DISCARD/
 libc.a(*)
 libm.a(*)
 libgcc.a(*)

.ARM.attributes
                0x00000000       0x36
 *(.ARM.attributes)
 .ARM.attributes
                0x00000000       0x26 /opt/st/stm32cubeide_1.18.1/plugins/com.st.stm32cube.ide.mcu.externaltools.gnu-tools-for-stm32.13.3.rel1.linux64_1.0.0.202410170706/tools/bin/../lib/gcc/arm-none-eabi/13.3.1/thumb/v8-m.main+fp/hard/crti.o
 .ARM.attributes
                0x00000026       0x38 /opt/st/stm32cubeide_1.18.1/plugins/com.st.stm32cube.ide.mcu.externaltools.gnu-tools-for-stm32.13.3.rel1.linux64_1.0.0.202410170706/tools/bin/../lib/gcc/arm-none-eabi/13.3.1/thumb/v8-m.main+fp/hard/crtbegin.o
 .ARM.attributes
                0x0000005e       0x3a ./Core/Src/adc.o
 .ARM.attributes
                0x00000098       0x3a ./Core/Src/app_freertos.o
 .ARM.attributes
                0x000000d2       0x3a ./Core/Src/drv8320s.o
 .ARM.attributes
                0x0000010c       0x3a ./Core/Src/foc.o
 .ARM.attributes
                0x00000146       0x3a ./Core/Src/gpdma.o
 .ARM.attributes
                0x00000180       0x3a ./Core/Src/gpio.o
 .ARM.attributes
                0x000001ba       0x3a ./Core/Src/icache.o
 .ARM.attributes
                0x000001f4       0x3a ./Core/Src/main.o
 .ARM.attributes
                0x0000022e       0x3a ./Core/Src/mt6835.o
 .ARM.attributes
                0x00000268       0x3a ./Core/Src/spi.o
 .ARM.attributes
                0x000002a2       0x3a ./Core/Src/stm32h5xx_hal_msp.o
 .ARM.attributes
                0x000002dc       0x3a ./Core/Src/stm32h5xx_hal_timebase_tim.o
 .ARM.attributes
                0x00000316       0x3a ./Core/Src/stm32h5xx_it.o
 .ARM.attributes
                0x00000350       0x3a ./Core/Src/sysmem.o
 .ARM.attributes
                0x0000038a       0x3a ./Core/Src/system_stm32h5xx.o
 .ARM.attributes
                0x000003c4       0x3a ./Core/Src/tim.o
 .ARM.attributes
                0x000003fe       0x3a ./Core/Src/usart.o
 .ARM.attributes
                0x00000438       0x24 ./Core/Startup/startup_stm32h563ritx.o
 .ARM.attributes
                0x0000045c       0x3a ./Drivers/STM32H5xx_HAL_Driver/Src/stm32h5xx_hal.o
 .ARM.attributes
                0x00000496       0x3a ./Drivers/STM32H5xx_HAL_Driver/Src/stm32h5xx_hal_adc.o
 .ARM.attributes
                0x000004d0       0x3a ./Drivers/STM32H5xx_HAL_Driver/Src/stm32h5xx_hal_adc_ex.o
 .ARM.attributes
                0x0000050a       0x3a ./Drivers/STM32H5xx_HAL_Driver/Src/stm32h5xx_hal_cortex.o
 .ARM.attributes
                0x00000544       0x3a ./Drivers/STM32H5xx_HAL_Driver/Src/stm32h5xx_hal_dma.o
 .ARM.attributes
                0x0000057e       0x3a ./Drivers/STM32H5xx_HAL_Driver/Src/stm32h5xx_hal_dma_ex.o
 .ARM.attributes
                0x000005b8       0x3a ./Drivers/STM32H5xx_HAL_Driver/Src/stm32h5xx_hal_gpio.o
 .ARM.attributes
                0x000005f2       0x3a ./Drivers/STM32H5xx_HAL_Driver/Src/stm32h5xx_hal_icache.o
 .ARM.attributes
                0x0000062c       0x3a ./Drivers/STM32H5xx_HAL_Driver/Src/stm32h5xx_hal_rcc.o
 .ARM.attributes
                0x00000666       0x3a ./Drivers/STM32H5xx_HAL_Driver/Src/stm32h5xx_hal_rcc_ex.o
 .ARM.attributes
                0x000006a0       0x3a ./Drivers/STM32H5xx_HAL_Driver/Src/stm32h5xx_hal_spi.o
 .ARM.attributes
                0x000006da       0x3a ./Drivers/STM32H5xx_HAL_Driver/Src/stm32h5xx_hal_tim.o
 .ARM.attributes
                0x00000714       0x3a ./Drivers/STM32H5xx_HAL_Driver/Src/stm32h5xx_hal_tim_ex.o
 .ARM.attributes
                0x0000074e       0x3a ./Drivers/STM32H5xx_HAL_Driver/Src/stm32h5xx_hal_uart.o
 .ARM.attributes
                0x00000788       0x3a ./Drivers/STM32H5xx_HAL_Driver/Src/stm32h5xx_hal_uart_ex.o
 .ARM.attributes
                0x000007c2       0x3a ./Middlewares/Third_Party/FreeRTOS/Source/CMSIS_RTOS_V2/cmsis_os2.o
 .ARM.attributes